Archive member included to satisfy reference by file (symbol)

/opt/devkitpro/libctru/lib/libctru.a(gfx.o)
                              main.o (gfxSet3D)
/opt/devkitpro/libctru/lib/libctru.a(srv.o)
                              main.o (srvExit)
/opt/devkitpro/libctru/lib/libctru.a(apt.o)
                              main.o (aptInit)
/opt/devkitpro/libctru/lib/libctru.a(gsp.o)
                              /opt/devkitpro/libctru/lib/libctru.a(gfx.o) (gspInit)
/opt/devkitpro/libctru/lib/libctru.a(gx.o)
                              /opt/devkitpro/libctru/lib/libctru.a(gfx.o) (gxCmdBuf)
/opt/devkitpro/libctru/lib/libctru.a(hid.o)
                              main.o (hidExit)
/opt/devkitpro/libctru/lib/libctru.a(irrst.o)
                              /opt/devkitpro/libctru/lib/libctru.a(hid.o) (irrstScanInput)
/opt/devkitpro/libctru/lib/libctru.a(initArgv.o)
                              /opt/devkitpro/devkitARM/lib/gcc/arm-none-eabi/4.9.2/../../../../arm-none-eabi/lib/armv6k/fpu/3dsx_crt0.o (__system_argc)
/opt/devkitpro/libctru/lib/libctru.a(initSystem.o)
                              /opt/devkitpro/libctru/lib/libctru.a(apt.o) (__system_retAddr)
/opt/devkitpro/libctru/lib/libctru.a(svc.o)
                              /opt/devkitpro/libctru/lib/libctru.a(apt.o) (svcCreateThread)
/opt/devkitpro/libctru/lib/libctru.a(stack_adjust.o)
                              /opt/devkitpro/devkitARM/lib/gcc/arm-none-eabi/4.9.2/../../../../arm-none-eabi/lib/armv6k/fpu/3dsx_crt0.o (initSystem)
/opt/devkitpro/libctru/lib/libctru.a(linear.o)
                              /opt/devkitpro/libctru/lib/libctru.a(gfx.o) (linearAlloc)
/opt/devkitpro/libctru/lib/libctru.a(mem_pool.o)
                              /opt/devkitpro/libctru/lib/libctru.a(linear.o) (MemPool::Allocate(MemChunk&, unsigned long, int))
/opt/devkitpro/libctru/lib/libctru.a(vram.o)
                              /opt/devkitpro/libctru/lib/libctru.a(gfx.o) (vramAlloc)
/opt/devkitpro/libctru/lib/libctru.a(os.o)
                              /opt/devkitpro/libctru/lib/libctru.a(initSystem.o) (__libctru_gtod)
/opt/devkitpro/libctru/lib/libctru.a(rbtree_find.o)
                              /opt/devkitpro/libctru/lib/libctru.a(linear.o) (rbtree_find)
/opt/devkitpro/libctru/lib/libctru.a(rbtree_init.o)
                              /opt/devkitpro/libctru/lib/libctru.a(linear.o) (rbtree_init)
/opt/devkitpro/libctru/lib/libctru.a(rbtree_insert.o)
                              /opt/devkitpro/libctru/lib/libctru.a(linear.o) (rbtree_insert)
/opt/devkitpro/libctru/lib/libctru.a(rbtree_remove.o)
                              /opt/devkitpro/libctru/lib/libctru.a(linear.o) (rbtree_remove)
/opt/devkitpro/libctru/lib/libctru.a(rbtree_rotate.o)
                              /opt/devkitpro/libctru/lib/libctru.a(rbtree_insert.o) (rbtree_rotate)
/opt/devkitpro/libctru/lib/libctru.a(allocateHeaps.o)
                              /opt/devkitpro/libctru/lib/libctru.a(initSystem.o) (__system_allocateHeaps)
/opt/devkitpro/libctru/lib/libctru.a(appExit.o)
                              /opt/devkitpro/libctru/lib/libctru.a(stack_adjust.o) (__appExit)
/opt/devkitpro/libctru/lib/libctru.a(appInit.o)
                              /opt/devkitpro/libctru/lib/libctru.a(stack_adjust.o) (__appInit)
/opt/devkitpro/libctru/lib/libctru.a(ctru_exit.o)
                              /opt/devkitpro/libctru/lib/libctru.a(stack_adjust.o) (__libctru_exit)
/opt/devkitpro/libctru/lib/libctru.a(sdmc_dev.o)
                              /opt/devkitpro/libctru/lib/libctru.a(appInit.o) (sdmcInit)
/opt/devkitpro/libctru/lib/libctru.a(fs.o)
                              /opt/devkitpro/libctru/lib/libctru.a(appExit.o) (fsExit)
/opt/devkitpro/libctru/lib/libctru.a(rbtree_iterator.o)
                              /opt/devkitpro/libctru/lib/libctru.a(rbtree_remove.o) (rbtree_node_next)
/opt/devkitpro/libctru/lib/libctru.a(decode_utf8.o)
                              /opt/devkitpro/libctru/lib/libctru.a(sdmc_dev.o) (decode_utf8)
/opt/devkitpro/libctru/lib/libctru.a(utf16_to_utf8.o)
                              /opt/devkitpro/libctru/lib/libctru.a(sdmc_dev.o) (utf16_to_utf8)
/opt/devkitpro/libctru/lib/libctru.a(utf8_to_utf16.o)
                              /opt/devkitpro/libctru/lib/libctru.a(sdmc_dev.o) (utf8_to_utf16)
/opt/devkitpro/libctru/lib/libctru.a(decode_utf16.o)
                              /opt/devkitpro/libctru/lib/libctru.a(utf16_to_utf8.o) (decode_utf16)
/opt/devkitpro/libctru/lib/libctru.a(encode_utf16.o)
                              /opt/devkitpro/libctru/lib/libctru.a(utf8_to_utf16.o) (encode_utf16)
/opt/devkitpro/libctru/lib/libctru.a(encode_utf8.o)
                              /opt/devkitpro/libctru/lib/libctru.a(utf16_to_utf8.o) (encode_utf8)
/opt/devkitpro/devkitARM/lib/gcc/arm-none-eabi/4.9.2/../../../../arm-none-eabi/lib/armv6k/fpu/libg.a(lib_a-bsearch.o)
                              /opt/devkitpro/libctru/lib/libctru.a(sdmc_dev.o) (bsearch)
[...]
Memory Configuration

Name             Origin             Length             Attributes
*default*        0x00000000         0xffffffff

Linker script and memory map

                0x00100000                . = 0x100000
                0x00100000                __start__ = .

.text           0x00100000    0x17978
 *(.crt0)
 .crt0          0x00100000       0x94 /opt/devkitpro/devkitARM/lib/gcc/arm-none-eabi/4.9.2/../../../../arm-none-eabi/lib/armv6k/fpu/3dsx_crt0.o
                0x00100000                _start
                0x00100008                __service_ptr
                0x0010000c                __apt_appid
                0x00100010                __heap_size
                0x00100014                __linear_heap_size
                0x00100018                __system_arglist
                0x0010001c                __system_runflags
 *(.init)
 .init          0x00100094        0xc /opt/devkitpro/devkitARM/lib/gcc/arm-none-eabi/4.9.2/armv6k/fpu/crti.o
                0x00100094                _init
 .init          0x001000a0        0xc /opt/devkitpro/devkitARM/lib/gcc/arm-none-eabi/4.9.2/armv6k/fpu/crtn.o
                0x001000ac                . = ALIGN (0x4)
 *(.text)
 .text          0x001000ac        0x0 /opt/devkitpro/devkitARM/lib/gcc/arm-none-eabi/4.9.2/../../../../arm-none-eabi/lib/armv6k/fpu/3dsx_crt0.o
 .text          0x001000ac        0x0 /opt/devkitpro/devkitARM/lib/gcc/arm-none-eabi/4.9.2/armv6k/fpu/crti.o
 .text          0x001000ac      0x108 /opt/devkitpro/devkitARM/lib/gcc/arm-none-eabi/4.9.2/armv6k/fpu/crtbegin.o
 .text          0x001001b4        0x0 data.o
 .text          0x001001b4     0xa9a4 draw.o
                0x001001b4                matrix_rotate_world
                0x001002b0                matrix_rotate_object
                0x001003ac                vertex_project
                0x00100420                draw_sprite
                0x00100d98                stretch_sprite_di
                0x00100f08                draw_sprite_di
                0x00101070                draw_poly_flat
                0x00101554                draw_poly
                0x00102ff4                polygon_clip
                0x001061d8                draw_clipped_poly
                0x00106450                draw_texture
                0x00106ed4                rotate_vector
                0x00107f7c                texcoord_fixup
                0x0010801c                draw_quad
                0x00108a0c                draw_wall
                0x00109c38                draw_entity_as_sprite
                0x00109dc8                draw_entity_as_model
                0x0010a184                piggy_draw
 .text          0x0010ab58        0x0 font.o
 .text          0x0010ab58      0xc2c game.o
                0x0010ab58                bullet_collision
                0x0010ab8c                bullet_behaviour
                0x0010abc8                guard_collision
                0x0010abcc                guard_behaviour
                0x0010ae34                friction
                0x0010ae50                entity_friction
                0x0010ae94                entity_move_forward_
                0x0010af10                entity_move_side_
                0x0010af8c                entity_move_forward
                0x0010afd0                entity_move_backwards
                0x0010b014                entity_turn_right
                0x0010b024                entity_turn_left
                0x0010b034                entity_turn_towards
                0x0010b0cc                entity_kill
                0x0010b0e4                entity_default
                0x0010b264                camera_behaviour
                0x0010b5b4                shoot_bullet
                0x0010b694                game_init
                0x0010b760                game_draw_item
                0x0010b764                game_draw
                0x0010b768                game_tick
                0x0010b76c                game_loop
 .text          0x0010b784       0x80 main.o
                0x0010b784                piggyUpdateKeyboard
 .text          0x0010b804        0x0 maps.o
 .text          0x0010b804     0x1564 model.o
                0x0010b804                md2_tmap
                0x0010c448                md2_clipped_poly
                0x0010c4c8                md2_unclipped_poly
 .text          0x0010cd68     0x1514 piggy.o
                0x0010cd68                palette_overbright
                0x0010ce0c                rgb_convert
                0x0010ce80                cell_init
                0x0010ced0                piggy_entity
                0x0010cf44                piggy_light
                0x0010d064                entity_motion
                0x0010d238                piggy_clear_entities
                0x0010d300                piggy_load_cell
                0x0010d34c                piggy_save_cell
                0x0010d398                piggy_load_map
                0x0010d4a4                piggy_save_map
                0x0010d52c                piggy_init_map
                0x0010d6d4                isqrt
                0x0010d8e0                piggy_init
                0x0010db24                piggy_tick
                0x0010e020                piggy_ambient_lighting
                0x0010e050                piggy_default_lighting
                0x0010e238                piggy_memcpy
                0x0010e25c                piggy_memset
 .text          0x0010e27c        0x0 sprites.o
 .text          0x0010e27c      0x72c /opt/devkitpro/libctru/lib/libctru.a(gfx.o)
                0x0010e308                gfxSet3D
                0x0010e318                gfxSetScreenFormat
                0x0010e330                gfxGetScreenFormat
                0x0010e348                gfxSetDoubleBuffering
                0x0010e35c                gfxSetFramebufferInfo
                0x0010e3cc                gfxWriteFramebufferInfo
                0x0010e490                gfxInit
                0x0010e670                gfxInitDefault
                0x0010e680                gfxExit
                0x0010e74c                gfxGetFramebuffer
                0x0010e7fc                gfxFlushBuffers
                0x0010e8d8                gfxSwapBuffers
                0x0010e94c                gfxSwapBuffersGpu
 .text          0x0010e9a8      0x3b8 /opt/devkitpro/libctru/lib/libctru.a(srv.o)
                0x0010e9a8                __get_handle_from_list
                0x0010ea40                __destroy_handle_list
                0x0010ea94                srvExit
                0x0010eabc                srvGetSessionHandle
                0x0010eac8                srvRegisterClient
                0x0010eb00                srvInit
                0x0010eb68                srvGetServiceHandle
                0x0010ebe8                srvRegisterService
                0x0010ec44                srvUnregisterService
                0x0010ec90                srvPmInit
                0x0010ece4                srvRegisterProcess
                0x0010ed2c                srvUnregisterProcess
 .text          0x0010ed60     0x1cec /opt/devkitpro/libctru/lib/libctru.a(apt.o)
                0x0010edc4                _aptDebug
                0x0010edc8                aptInitCaptureInfo
                0x0010ee78                aptWaitStatusEvent
                0x0010eea0                aptHook
                0x0010eed8                aptUnhook
                0x0010ef04                aptGetStatus
                0x0010ef3c                aptSetStatus
                0x0010efa0                aptGetStatusPower
                0x0010efd8                aptSetStatusPower
                0x0010f010                aptOpenSession
                0x0010f034                aptCloseSession
                0x0010f05c                aptSignalReadyForSleep
                0x0010f06c                APT_GetLockHandle
                0x0010f0bc                APT_Initialize
                0x0010f124                APT_Finalize
                0x0010f160                APT_HardwareResetAsync
                0x0010f194                APT_Enable
                0x0010f1d0                APT_GetAppletManInfo
                0x0010f250                aptGetMenuAppID
                0x0010f28c                APT_IsRegistered
                0x0010f2dc                APT_InquireNotification
                0x0010f32c                APT_PrepareToJumpToHomeMenu
                0x0010f360                APT_JumpToHomeMenu
                0x0010f3b0                APT_PrepareToJumpToApplication
                0x0010f3ec                APT_JumpToApplication
                0x0010f43c                APT_NotifyToWait
                0x0010f478                APT_AppletUtility
                0x0010f500                aptAppletUtility_Exit_RetToApp
                0x0010f620                aptAppletClosed
                0x0010f75c                aptInit
                0x0010f914                APT_GlanceParameter
                0x0010f988                APT_ReceiveParameter
                0x0010f9fc                APT_SendParameter
                0x0010fa6c                APT_SendCaptureBufferInfo
                0x0010fab8                aptReturnToMenu
                0x0010fc8c                APT_ReplySleepQuery
                0x0010fccc                APT_ReplySleepNotificationComplete
                0x0010fd08                aptEventHandler
                0x00110014                APT_PrepareToCloseApplication
                0x00110050                APT_CloseApplication
                0x001100a8                aptExit
                0x00110294                APT_SetAppCpuTimeLimit
                0x001102d8                APT_GetAppCpuTimeLimit
                0x0011032c                APT_CheckNew3DS_Application
                0x00110388                APT_CheckNew3DS_System
                0x001103e4                APT_CheckNew3DS
                0x00110458                APT_PrepareToDoAppJump
                0x001104a4                APT_DoAppJump
                0x0011050c                APT_PrepareToStartLibraryApplet
                0x00110548                APT_StartLibraryApplet
                0x001105a8                aptAppletStarted
                0x001106ac                aptMainLoop
                0x00110818                APT_LaunchLibraryApplet
                0x001109b0                APT_PrepareToStartSystemApplet
                0x001109ec                APT_StartSystemApplet
 .text          0x00110a4c      0x8c8 /opt/devkitpro/libctru/lib/libctru.a(gsp.o)
                0x00110b58                gspInit
                0x00110b6c                gspExit
                0x00110b84                gspInitEventHandler
                0x00110c50                gspExitEventHandler
                0x00110ca8                gspWaitForEvent
                0x00110d00                GSPGPU_WriteHWRegs
                0x00110d70                GSPGPU_WriteHWRegsWithMask
                0x00110dfc                GSPGPU_ReadHWRegs
                0x00110e6c                GSPGPU_SetBufferSwap
                0x00110ee0                GSPGPU_FlushDataCache
                0x00110f34                GSPGPU_InvalidateDataCache
                0x00110f88                GSPGPU_SetLcdForceBlack
                0x00110fc4                GSPGPU_TriggerCmdReqQueue
                0x00110ff8                GSPGPU_RegisterInterruptRelayQueue
                0x00111064                GSPGPU_UnregisterInterruptRelayQueue
                0x00111098                GSPGPU_AcquireRight
                0x001110e8                GSPGPU_ReleaseRight
                0x0011111c                GSPGPU_ImportDisplayCaptureInfo
                0x001111a0                GSPGPU_SaveVramSysArea
                0x001111d4                GSPGPU_RestoreVramSysArea
                0x00111208                GSPGPU_SubmitGxCommand
 .text          0x00111314      0x264 /opt/devkitpro/libctru/lib/libctru.a(gx.o)
                0x00111314                GX_RequestDma
                0x00111368                GX_SetCommandList_Last
                0x001113d0                GX_SetMemoryFill
                0x00111444                GX_SetDisplayTransfer
                0x001114a8                GX_SetTextureCopy
                0x00111510                GX_SetCommandList_First
 .text          0x00111578      0x6e0 /opt/devkitpro/libctru/lib/libctru.a(hid.o)
                0x00111578                hidExit
                0x0011161c                hidWaitForEvent
                0x00111674                hidCheckSectionUpdateTime
                0x001116b0                hidScanInput
                0x001118e4                hidKeysHeld
                0x001118f4                hidKeysDown
                0x00111904                hidKeysUp
                0x00111914                hidTouchRead
                0x0011192c                hidCircleRead
                0x00111944                hidAccelRead
                0x00111964                hidGyroRead
                0x00111984                HIDUSER_GetHandles
                0x00111a14                hidInit
                0x00111b34                HIDUSER_EnableAccelerometer
                0x00111b60                HIDUSER_DisableAccelerometer
                0x00111b8c                HIDUSER_EnableGyroscope
                0x00111bb8                HIDUSER_DisableGyroscope
                0x00111be4                HIDUSER_GetGyroscopeRawToDpsCoefficient
                0x00111c20                HIDUSER_GetSoundVolume
 .text          0x00111c58      0x388 /opt/devkitpro/libctru/lib/libctru.a(irrst.o)
                0x00111c58                irrstWaitForEvent
                0x00111ca4                irrstCheckSectionUpdateTime
                0x00111ce0                irrstScanInput
                0x00111d94                irrstKeysHeld
                0x00111dac                irrstCstickRead
                0x00111dc4                IRRST_GetHandles
                0x00111e14                IRRST_Initialize
                0x00111e4c                irrstInit
                0x00111f30                IRRST_Shutdown
                0x00111f5c                irrstExit
 .text          0x00111fe0       0xf4 /opt/devkitpro/libctru/lib/libctru.a(initArgv.o)
                0x00111fe0                __system_initArgv
 .text          0x001120d4       0x4c /opt/devkitpro/libctru/lib/libctru.a(initSystem.o)
                0x001120d4                __libctru_init
 .text          0x00112120      0x3d0 /opt/devkitpro/libctru/lib/libctru.a(svc.o)
                0x00112120                svcControlMemory
                0x00112140                svcQueryMemory
                0x00112170                svcExitProcess
                0x00112178                svcCreateThread
                0x00112198                svcExitThread
                0x001121a0                svcSleepThread
                0x001121a8                svcGetThreadPriority
                0x001121bc                svcSetThreadPriority
                0x001121c4                svcGetThreadAffinityMask
                0x001121cc                svcSetThreadAffinityMask
                0x001121d4                svcGetThreadIdealProcessor
                0x001121e8                svcSetThreadIdealProcessor
                0x001121f0                svcGetProcessorID
                0x001121f8                svcCreateMutex
                0x0011220c                svcReleaseMutex
                0x00112214                svcCreateSemaphore
                0x00112228                svcReleaseSemaphore
                0x0011223c                svcCreateEvent
                0x00112250                svcSignalEvent
                0x00112258                svcClearEvent
                0x00112260                svcCreateTimer
                0x00112274                svcSetTimer
                0x0011227c                svcCancelTimer
                0x00112284                svcClearTimer
                0x0011228c                svcCreateMemoryBlock
                0x001122a4                svcMapMemoryBlock
                0x001122ac                svcUnmapMemoryBlock
                0x001122b4                svcCreateAddressArbiter
                0x001122c8                svcArbitrateAddress
                0x001122e8                svcCloseHandle
                0x001122f0                svcWaitSynchronization
                0x001122f8                svcWaitSynchronizationN
                0x00112320                svcDuplicateHandle
                0x00112334                svcGetSystemTick
                0x0011233c                svcGetSystemInfo
                0x00112354                svcGetProcessInfo
                0x0011236c                svcGetThreadInfo
                0x00112384                svcConnectToPort
                0x00112398                svcSendSyncRequest
                0x001123a0                svcOpenProcess
                0x001123b4                svcOpenThread
                0x001123c8                svcGetProcessId
                0x001123dc                svcGetProcessIdOfThread
                0x001123f0                svcGetThreadId
                0x00112404                svcOutputDebugString
                0x0011240c                svcCreatePort
                0x0011242c                svcDebugActiveProcess
                0x00112440                svcBreakDebugProcess
                0x00112448                svcTerminateDebugProcess
                0x00112450                svcGetProcessDebugEvent
                0x00112458                svcContinueDebugEvent
                0x00112460                svcGetProcessList
                0x00112480                svcReadProcessMemory
                0x00112488                svcWriteProcessMemory
                0x00112490                svcControlProcessMemory
                0x001124a8                svcMapProcessMemory
                0x001124b0                svcUnmapProcessMemory
                0x001124b8                svcBackdoor
                0x001124c0                svcQueryProcessMemory
 .text          0x001124f0       0x64 /opt/devkitpro/libctru/lib/libctru.a(stack_adjust.o)
                0x001124f0                initSystem
                0x00112534                __ctru_exit
 .text          0x00112554      0x1d4 /opt/devkitpro/libctru/lib/libctru.a(linear.o)
                0x0011257c                linearMemAlign
                0x001126bc                linearAlloc
                0x001126c4                linearRealloc
                0x001126cc                linearFree
                0x0011271c                linearSpaceFree
 .text          0x00112728      0x35c /opt/devkitpro/libctru/lib/libctru.a(mem_pool.o)
                0x00112728                MemPool::CoalesceRight(MemBlock*)
                0x001127c8                MemPool::Allocate(MemChunk&, unsigned long, int)
                0x00112950                MemPool::Deallocate(MemChunk const&)
                0x00112a54                MemPool::GetFreeSpace()
 .text          0x00112a84      0x1c4 /opt/devkitpro/libctru/lib/libctru.a(vram.o)
                0x00112aac                vramMemAlign
                0x00112bdc                vramAlloc
                0x00112be4                vramRealloc
                0x00112bec                vramFree
                0x00112c3c                vramSpaceFree
 .text          0x00112c48      0x288 /opt/devkitpro/libctru/lib/libctru.a(os.o)
                0x00112ca0                osConvertVirtToPhys
                0x00112cec                osConvertOldLINEARMemToNew
                0x00112d0c                __libctru_gtod
                0x00112e04                osGetTime
                0x00112e78                osGetFirmVersion
                0x00112e8c                osGetKernelVersion
                0x00112ea0                osStrError
                0x00112ec0                osGetWifiStrength
 .text          0x00112ed0       0x70 /opt/devkitpro/libctru/lib/libctru.a(rbtree_find.o)
                0x00112ed0                rbtree_find
 .text          0x00112f40       0x14 /opt/devkitpro/libctru/lib/libctru.a(rbtree_init.o)
                0x00112f40                rbtree_init
 .text          0x00112f54      0x1f4 /opt/devkitpro/libctru/lib/libctru.a(rbtree_insert.o)
                0x00113138                rbtree_insert
                0x00113140                rbtree_insert_multi
 .text          0x00113148      0x340 /opt/devkitpro/libctru/lib/libctru.a(rbtree_remove.o)
                0x00113148                rbtree_remove
 .text          0x00113488       0xac /opt/devkitpro/libctru/lib/libctru.a(rbtree_rotate.o)
                0x00113488                rbtree_rotate
 .text          0x00113534       0xa4 /opt/devkitpro/libctru/lib/libctru.a(allocateHeaps.o)
                0x00113534                __system_allocateHeaps
 .text          0x001135d8       0x1c /opt/devkitpro/libctru/lib/libctru.a(appExit.o)
                0x001135d8                __appExit
 .text          0x001135f4       0x20 /opt/devkitpro/libctru/lib/libctru.a(appInit.o)
                0x001135f4                __appInit
 .text          0x00113614       0x90 /opt/devkitpro/libctru/lib/libctru.a(ctru_exit.o)
                0x00113614                __libctru_exit
 .text          0x001136a4      0xffc /opt/devkitpro/libctru/lib/libctru.a(sdmc_dev.o)
                0x00114520                sdmcInit
                0x00114650                sdmcExit
 .text          0x001146a0      0xc88 /opt/devkitpro/libctru/lib/libctru.a(fs.o)
                0x001146a0                FS_makePath
                0x001146cc                fsExit
                0x001146f0                fsGetSessionHandle
                0x001146fc                FSUSER_Initialize
                0x00114770                fsInit
                0x001147dc                FSUSER_OpenFile
                0x00114888                FSUSER_OpenFileDirectly
                0x00114954                FSUSER_DeleteFile
                0x001149dc                FSUSER_RenameFile
                0x00114aa0                FSUSER_DeleteDirectory
                0x00114b28                FSUSER_DeleteDirectoryRecursively
                0x00114bb0                FSUSER_CreateFile
                0x00114c48                FSUSER_CreateDirectory
                0x00114cd4                FSUSER_RenameDirectory
                0x00114d98                FSUSER_OpenDirectory
                0x00114e2c                FSUSER_OpenArchive
                0x00114eb4                FSUSER_CloseArchive
                0x00114f0c                FSUSER_GetSdmcArchiveResource
                0x00114f88                FSUSER_GetNandArchiveResource
                0x00115004                FSUSER_IsSdmcDetected
                0x00115050                FSUSER_IsSdmcWritable
                0x0011509c                FSFILE_Close
                0x001150e0                FSFILE_Read
                0x0011513c                FSFILE_Write
                0x001151a0                FSFILE_GetSize
                0x001151e0                FSFILE_SetSize
                0x0011520c                FSFILE_GetAttributes
                0x00115244                FSFILE_SetAttributes
                0x0011526c                FSFILE_Flush
                0x00115290                FSDIR_Read
                0x001152e4                FSDIR_Close
 .text          0x00115328      0x118 /opt/devkitpro/libctru/lib/libctru.a(rbtree_iterator.o)
                0x00115328                rbtree_node_next
                0x001153b4                rbtree_node_prev
 .text          0x00115440      0x138 /opt/devkitpro/libctru/lib/libctru.a(decode_utf8.o)
                0x00115440                decode_utf8
 .text          0x00115578       0xe8 /opt/devkitpro/libctru/lib/libctru.a(utf16_to_utf8.o)
                0x00115578                utf16_to_utf8
 .text          0x00115660       0xb8 /opt/devkitpro/libctru/lib/libctru.a(utf8_to_utf16.o)
                0x00115660                utf8_to_utf16
 .text          0x00115718       0x60 /opt/devkitpro/libctru/lib/libctru.a(decode_utf16.o)
                0x00115718                decode_utf16
 .text          0x00115778       0x68 /opt/devkitpro/libctru/lib/libctru.a(encode_utf16.o)
                0x00115778                encode_utf16
 .text          0x001157e0      0x104 /opt/devkitpro/libctru/lib/libctru.a(encode_utf8.o)
                0x001157e0                encode_utf8
 .text          0x001158e4        0x0 /opt/devkitpro/devkitARM/lib/gcc/arm-none-eabi/4.9.2/../../../../arm-none-eabi/lib/armv6k/fpu/libg.a(lib_a-bsearch.o)
 .text          0x001158e4        0x0 /opt/devkitpro/devkitARM/lib/gcc/arm-none-eabi/4.9.2/../../../../arm-none-eabi/lib/armv6k/fpu/libg.a(lib_a-fini.o)
 .text          0x001158e4        0x0 /opt/devkitpro/devkitARM/lib/gcc/arm-none-eabi/4.9.2/../../../../arm-none-eabi/lib/armv6k/fpu/libg.a(lib_a-init.o)
 .text          0x001158e4        0x0 /opt/devkitpro/devkitARM/lib/gcc/arm-none-eabi/4.9.2/../../../../arm-none-eabi/lib/armv6k/fpu/libg.a(lib_a-malloc.o)
 .text          0x001158e4        0x0 /opt/devkitpro/devkitARM/lib/gcc/arm-none-eabi/4.9.2/../../../../arm-none-eabi/lib/armv6k/fpu/libg.a(lib_a-mallocr.o)
 .text          0x001158e4        0x0 /opt/devkitpro/devkitARM/lib/gcc/arm-none-eabi/4.9.2/../../../../arm-none-eabi/lib/armv6k/fpu/libg.a(lib_a-memcpy.o)
 .text          0x001158e4        0x0 /opt/devkitpro/devkitARM/lib/gcc/arm-none-eabi/4.9.2/../../../../arm-none-eabi/lib/armv6k/fpu/libg.a(lib_a-memset.o)
 .text          0x001158e4        0x0 /opt/devkitpro/devkitARM/lib/gcc/arm-none-eabi/4.9.2/../../../../arm-none-eabi/lib/armv6k/fpu/libg.a(lib_a-mlock.o)
 .text          0x001158e4        0x0 /opt/devkitpro/devkitARM/lib/gcc/arm-none-eabi/4.9.2/../../../../arm-none-eabi/lib/armv6k/fpu/libg.a(lib_a-strcpy.o)
 .text          0x001158e4        0x0 /opt/devkitpro/devkitARM/lib/gcc/arm-none-eabi/4.9.2/../../../../arm-none-eabi/lib/armv6k/fpu/libg.a(lib_a-strlen.o)
 .text          0x001158e4        0x0 /opt/devkitpro/devkitARM/lib/gcc/arm-none-eabi/4.9.2/../../../../arm-none-eabi/lib/armv6k/fpu/libg.a(lib_a-strncat.o)
 .text          0x001158e4        0x0 /opt/devkitpro/devkitARM/lib/gcc/arm-none-eabi/4.9.2/../../../../arm-none-eabi/lib/armv6k/fpu/libg.a(lib_a-strncpy.o)
 .text          0x001158e4        0x0 /opt/devkitpro/devkitARM/lib/gcc/arm-none-eabi/4.9.2/../../../../arm-none-eabi/lib/armv6k/fpu/libg.a(lib_a-freer.o)
 .text          0x001158e4      0x1a8 /opt/devkitpro/devkitARM/lib/gcc/arm-none-eabi/4.9.2/../../../../arm-none-eabi/lib/armv6k/fpu/libsysbase.a(iosupport.o)
                0x001158e4                setDefaultDevice
                0x001158fc                FindDevice
                0x001159a8                RemoveDevice
                0x001159d4                AddDevice
                0x00115a68                GetDeviceOpTab
 .text          0x00115a8c       0x70 /opt/devkitpro/devkitARM/lib/gcc/arm-none-eabi/4.9.2/../../../../arm-none-eabi/lib/armv6k/fpu/libsysbase.a(sbrk.o)
                0x00115a8c                _sbrk_r
 .text          0x00115afc        0x0 /opt/devkitpro/devkitARM/lib/gcc/arm-none-eabi/4.9.2/../../../../arm-none-eabi/lib/armv6k/fpu/libsysbase.a(malloc_vars.o)
 .text          0x00115afc      0x3a4 /opt/devkitpro/devkitARM/lib/gcc/arm-none-eabi/4.9.2/../../../../arm-none-eabi/lib/armv6k/fpu/libsysbase.a(chdir.o)
                0x00115afc                _concatenate_path
                0x00115cb8                chdir
                0x00115e00                getcwd
 .text          0x00115ea0      0x108 /opt/devkitpro/devkitARM/lib/gcc/arm-none-eabi/4.9.2/../../../../arm-none-eabi/lib/armv6k/fpu/libsysbase.a(syscall_support.o)
                0x00115ea0                __libc_lock_init
                0x00115eb8                __libc_lock_acquire
                0x00115ed0                __libc_lock_try_acquire
                0x00115ef4                __libc_lock_release
                0x00115f0c                __libc_lock_close
                0x00115f24                __libc_lock_init_recursive
                0x00115f3c                __libc_lock_acquire_recursive
                0x00115f54                __libc_lock_try_acquire_recursive
                0x00115f78                __libc_lock_release_recursive
                0x00115f90                __libc_lock_close_recursive
 .text          0x00115fa8       0x28 /opt/devkitpro/devkitARM/lib/gcc/arm-none-eabi/4.9.2/../../../../arm-none-eabi/lib/armv6k/fpu/libsysbase.a(getreent.o)
                0x00115fa8                __getreent
 .text          0x00115fd0        0x0 /opt/devkitpro/devkitARM/lib/gcc/arm-none-eabi/4.9.2/../../../../arm-none-eabi/lib/armv6k/fpu/libg.a(lib_a-impure.o)
 .text          0x00115fd0        0x0 /opt/devkitpro/devkitARM/lib/gcc/arm-none-eabi/4.9.2/../../../../arm-none-eabi/lib/armv6k/fpu/libg.a(lib_a-strchr.o)
 *fill*         0x00115fd0       0x10 
 .text          0x00115fe0      0x3a0 /opt/devkitpro/devkitARM/lib/gcc/arm-none-eabi/4.9.2/../../../../arm-none-eabi/lib/armv6k/fpu/libg.a(lib_a-strcmp.o)
                0x00115fe8                strcmp
 .text          0x00116380        0x0 /opt/devkitpro/devkitARM/lib/gcc/arm-none-eabi/4.9.2/../../../../arm-none-eabi/lib/armv6k/fpu/libg.a(lib_a-strncmp.o)
 .text          0x00116380        0x0 /opt/devkitpro/devkitARM/lib/gcc/arm-none-eabi/4.9.2/../../../../arm-none-eabi/lib/armv6k/fpu/libg.a(lib_a-strnlen.o)
 .text          0x00116380        0x0 /opt/devkitpro/devkitARM/lib/gcc/arm-none-eabi/4.9.2/../../../../arm-none-eabi/lib/armv6k/fpu/libg.a(lib_a-strrchr.o)
 .text          0x00116380        0x0 /opt/devkitpro/devkitARM/lib/gcc/arm-none-eabi/4.9.2/armv6k/fpu/crtend.o
 .text          0x00116380        0x0 /opt/devkitpro/devkitARM/lib/gcc/arm-none-eabi/4.9.2/armv6k/fpu/crtn.o
 *(.text.*)
 .text.startup  0x00116380      0x1bc main.o
                0x00116380                main
 .text.bsearch  0x0011653c       0x78 /opt/devkitpro/devkitARM/lib/gcc/arm-none-eabi/4.9.2/../../../../arm-none-eabi/lib/armv6k/fpu/libg.a(lib_a-bsearch.o)
                0x0011653c                bsearch
 .text.__libc_fini_array
                0x001165b4       0x40 /opt/devkitpro/devkitARM/lib/gcc/arm-none-eabi/4.9.2/../../../../arm-none-eabi/lib/armv6k/fpu/libg.a(lib_a-fini.o)
                0x001165b4                __libc_fini_array
 .text.__libc_init_array
                0x001165f4       0x78 /opt/devkitpro/devkitARM/lib/gcc/arm-none-eabi/4.9.2/../../../../arm-none-eabi/lib/armv6k/fpu/libg.a(lib_a-init.o)
                0x001165f4                __libc_init_array
 .text.malloc   0x0011666c       0x18 /opt/devkitpro/devkitARM/lib/gcc/arm-none-eabi/4.9.2/../../../../arm-none-eabi/lib/armv6k/fpu/libg.a(lib_a-malloc.o)
                0x0011666c                malloc
 .text.free     0x00116684       0x18 /opt/devkitpro/devkitARM/lib/gcc/arm-none-eabi/4.9.2/../../../../arm-none-eabi/lib/armv6k/fpu/libg.a(lib_a-malloc.o)
                0x00116684                free
 .text._malloc_r
                0x0011669c      0x740 /opt/devkitpro/devkitARM/lib/gcc/arm-none-eabi/4.9.2/../../../../arm-none-eabi/lib/armv6k/fpu/libg.a(lib_a-mallocr.o)
                0x0011669c                _malloc_r
 .text.memcpy   0x00116ddc       0xf4 /opt/devkitpro/devkitARM/lib/gcc/arm-none-eabi/4.9.2/../../../../arm-none-eabi/lib/armv6k/fpu/libg.a(lib_a-memcpy.o)
                0x00116ddc                memcpy
 .text.memset   0x00116ed0       0xf0 /opt/devkitpro/devkitARM/lib/gcc/arm-none-eabi/4.9.2/../../../../arm-none-eabi/lib/armv6k/fpu/libg.a(lib_a-memset.o)
                0x00116ed0                memset
 .text.__malloc_lock
                0x00116fc0        0x4 /opt/devkitpro/devkitARM/lib/gcc/arm-none-eabi/4.9.2/../../../../arm-none-eabi/lib/armv6k/fpu/libg.a(lib_a-mlock.o)
                0x00116fc0                __malloc_lock
 .text.__malloc_unlock
                0x00116fc4        0x4 /opt/devkitpro/devkitARM/lib/gcc/arm-none-eabi/4.9.2/../../../../arm-none-eabi/lib/armv6k/fpu/libg.a(lib_a-mlock.o)
                0x00116fc4                __malloc_unlock
 .text.strcpy   0x00116fc8       0xf0 /opt/devkitpro/devkitARM/lib/gcc/arm-none-eabi/4.9.2/../../../../arm-none-eabi/lib/armv6k/fpu/libg.a(lib_a-strcpy.o)
                0x00116fc8                strcpy
 .text.strlen   0x001170b8       0x5c /opt/devkitpro/devkitARM/lib/gcc/arm-none-eabi/4.9.2/../../../../arm-none-eabi/lib/armv6k/fpu/libg.a(lib_a-strlen.o)
                0x001170b8                strlen
 .text.strncat  0x00117114       0xa4 /opt/devkitpro/devkitARM/lib/gcc/arm-none-eabi/4.9.2/../../../../arm-none-eabi/lib/armv6k/fpu/libg.a(lib_a-strncat.o)
                0x00117114                strncat
 .text.strncpy  0x001171b8       0xe0 /opt/devkitpro/devkitARM/lib/gcc/arm-none-eabi/4.9.2/../../../../arm-none-eabi/lib/armv6k/fpu/libg.a(lib_a-strncpy.o)
                0x001171b8                strncpy
 .text._malloc_trim_r
                0x00117298       0xf8 /opt/devkitpro/devkitARM/lib/gcc/arm-none-eabi/4.9.2/../../../../arm-none-eabi/lib/armv6k/fpu/libg.a(lib_a-freer.o)
                0x00117298                _malloc_trim_r
 .text._free_r  0x00117390      0x2b4 /opt/devkitpro/devkitARM/lib/gcc/arm-none-eabi/4.9.2/../../../../arm-none-eabi/lib/armv6k/fpu/libg.a(lib_a-freer.o)
                0x00117390                _free_r
 .text.strchr   0x00117644      0x16c /opt/devkitpro/devkitARM/lib/gcc/arm-none-eabi/4.9.2/../../../../arm-none-eabi/lib/armv6k/fpu/libg.a(lib_a-strchr.o)
                0x00117644                strchr
 .text.strncmp  0x001177b0      0x110 /opt/devkitpro/devkitARM/lib/gcc/arm-none-eabi/4.9.2/../../../../arm-none-eabi/lib/armv6k/fpu/libg.a(lib_a-strncmp.o)
                0x001177b0                strncmp
 .text.strnlen  0x001178c0       0x5c /opt/devkitpro/devkitARM/lib/gcc/arm-none-eabi/4.9.2/../../../../arm-none-eabi/lib/armv6k/fpu/libg.a(lib_a-strnlen.o)
                0x001178c0                strnlen
 .text.strrchr  0x0011791c       0x44 /opt/devkitpro/devkitARM/lib/gcc/arm-none-eabi/4.9.2/../../../../arm-none-eabi/lib/armv6k/fpu/libg.a(lib_a-strrchr.o)
                0x0011791c                strrchr
 *(.glue_7)
 .glue_7        0x00117960        0x0 linker stubs
 *(.glue_7t)
 .glue_7t       0x00117960        0x0 linker stubs
 *(.stub)
 *(.gnu.warning)
 *(.gnu.linkonce.t*)
                0x00117960                . = ALIGN (0x4)
 *(.fini)
 .fini          0x00117960        0xc /opt/devkitpro/devkitARM/lib/gcc/arm-none-eabi/4.9.2/armv6k/fpu/crti.o
                0x00117960                _fini
 .fini          0x0011796c        0xc /opt/devkitpro/devkitARM/lib/gcc/arm-none-eabi/4.9.2/armv6k/fpu/crtn.o
                0x00117978                . = ALIGN (0x4)

.vfp11_veneer   0x00117978        0x0
 .vfp11_veneer  0x00117978        0x0 linker stubs

.v4_bx          0x00117978        0x0
 .v4_bx         0x00117978        0x0 linker stubs

.iplt           0x00117978        0x0
 .iplt          0x00117978        0x0 /opt/devkitpro/devkitARM/lib/gcc/arm-none-eabi/4.9.2/../../../../arm-none-eabi/lib/armv6k/fpu/3dsx_crt0.o

.rodata         0x00118000     0x18dc
 *(.rodata)
 .rodata        0x00118000     0x16c0 font.o
                0x00118000                fontData
 .rodata        0x001196c0       0x14 /opt/devkitpro/libctru/lib/libctru.a(gfx.o)
 .rodata        0x001196d4        0xc /opt/devkitpro/libctru/lib/libctru.a(apt.o)
 .rodata        0x001196e0       0x2c /opt/devkitpro/libctru/lib/libctru.a(os.o)
 .rodata        0x0011970c       0x30 /opt/devkitpro/libctru/lib/libctru.a(sdmc_dev.o)
 .rodata        0x0011973c       0x68 /opt/devkitpro/devkitARM/lib/gcc/arm-none-eabi/4.9.2/../../../../arm-none-eabi/lib/armv6k/fpu/libsysbase.a(iosupport.o)
                0x0011973c                dotab_stdnull
 .rodata        0x001197a4        0xc /opt/devkitpro/devkitARM/lib/gcc/arm-none-eabi/4.9.2/../../../../arm-none-eabi/lib/armv6k/fpu/libsysbase.a(chdir.o)
                0x001197a4                DIRECTORY_PARENT
                0x001197a8                DIRECTORY_THIS
                0x001197ac                DIRECTORY_SEPARATOR
 *(.roda)
 *(.rodata.*)
 .rodata.str1.4
                0x001197b0        0xf /opt/devkitpro/libctru/lib/libctru.a(srv.o)
                                 0x10 (size before relaxing)
 *fill*         0x001197bf        0x1 
 .rodata.str1.4
                0x001197c0       0x16 /opt/devkitpro/libctru/lib/libctru.a(apt.o)
                                 0x18 (size before relaxing)
 *fill*         0x001197d6        0x2 
 .rodata.str1.4
                0x001197d8        0x9 /opt/devkitpro/libctru/lib/libctru.a(gsp.o)
                                  0xc (size before relaxing)
 *fill*         0x001197e1        0x3 
 .rodata.str1.4
                0x001197e4        0x9 /opt/devkitpro/libctru/lib/libctru.a(hid.o)
                                  0xc (size before relaxing)
 *fill*         0x001197ed        0x3 
 .rodata.str1.4
                0x001197f0        0x7 /opt/devkitpro/libctru/lib/libctru.a(irrst.o)
                                  0x8 (size before relaxing)
 *fill*         0x001197f7        0x1 
 .rodata.str1.4
                0x001197f8       0xc4 /opt/devkitpro/libctru/lib/libctru.a(os.o)
 .rodata.str1.4
                0x001198bc        0x5 /opt/devkitpro/libctru/lib/libctru.a(sdmc_dev.o)
                                  0xc (size before relaxing)
 *fill*         0x001198c1        0x3 
 .rodata.str1.4
                0x001198c4        0x8 /opt/devkitpro/libctru/lib/libctru.a(fs.o)
 .rodata.str1.4
                0x001198cc        0x8 /opt/devkitpro/devkitARM/lib/gcc/arm-none-eabi/4.9.2/../../../../arm-none-eabi/lib/armv6k/fpu/libsysbase.a(iosupport.o)
 .rodata.str1.4
                0x001198d4        0x4 /opt/devkitpro/devkitARM/lib/gcc/arm-none-eabi/4.9.2/../../../../arm-none-eabi/lib/armv6k/fpu/libg.a(lib_a-impure.o)
 .rodata._global_impure_ptr
                0x001198d8        0x4 /opt/devkitpro/devkitARM/lib/gcc/arm-none-eabi/4.9.2/../../../../arm-none-eabi/lib/armv6k/fpu/libg.a(lib_a-impure.o)
                0x001198d8                _global_impure_ptr
 *all.rodata*(*)
 *(.gnu.linkonce.r*)
                0x001198dc                . = ALIGN (0x4)

.rel.dyn        0x001198dc        0x0
 .rel.iplt      0x001198dc        0x0 /opt/devkitpro/devkitARM/lib/gcc/arm-none-eabi/4.9.2/../../../../arm-none-eabi/lib/armv6k/fpu/3dsx_crt0.o

.ARM.extab
 *(.ARM.extab* .gnu.linkonce.armextab.*)
                0x001198dc                __exidx_start = .

ARM.exidx
 *(.ARM.exidx* .gnu.linkonce.armexidx.*)
                0x001198dc                __exidx_end = .

.data           0x0011a000    0x56384
 *(.data)
 .data          0x0011a000        0x0 /opt/devkitpro/devkitARM/lib/gcc/arm-none-eabi/4.9.2/../../../../arm-none-eabi/lib/armv6k/fpu/3dsx_crt0.o
 .data          0x0011a000        0x0 /opt/devkitpro/devkitARM/lib/gcc/arm-none-eabi/4.9.2/armv6k/fpu/crti.o
 .data          0x0011a000        0x4 /opt/devkitpro/devkitARM/lib/gcc/arm-none-eabi/4.9.2/armv6k/fpu/crtbegin.o
                0x0011a000                __dso_handle
 .data          0x0011a004    0x3a300 data.o
                0x0011a004                sintable
                0x0011c004                reciprocal
                0x0012c004                lua
                0x00134004                palette
                0x00134304                textures
 .data          0x00154304        0x0 draw.o
 .data          0x00154304        0x0 font.o
 .data          0x00154304       0x70 game.o
                0x00154304                cube
 .data          0x00154374        0x0 main.o
 .data          0x00154374    0x10080 maps.o
                0x00154374                e1m1
 .data          0x001643f4        0x0 model.o
 .data          0x001643f4        0x0 piggy.o
 .data          0x001643f4     0x9678 sprites.o
                0x001643f4                sprites
                0x00164408                spr_ball1
                0x0016c40c                spr_03
                0x0016c9a4                spr_02
                0x0016cf3c                spr_01
                0x0016d4d4                spr_00
 .data          0x0016da6c        0xc /opt/devkitpro/libctru/lib/libctru.a(gfx.o)
 .data          0x0016da78        0x0 /opt/devkitpro/libctru/lib/libctru.a(srv.o)
 .data          0x0016da78        0x0 /opt/devkitpro/libctru/lib/libctru.a(apt.o)
 .data          0x0016da78        0x0 /opt/devkitpro/libctru/lib/libctru.a(gsp.o)
 .data          0x0016da78        0x0 /opt/devkitpro/libctru/lib/libctru.a(gx.o)
 .data          0x0016da78        0x0 /opt/devkitpro/libctru/lib/libctru.a(hid.o)
 .data          0x0016da78        0x0 /opt/devkitpro/libctru/lib/libctru.a(irrst.o)
 .data          0x0016da78        0x0 /opt/devkitpro/libctru/lib/libctru.a(initArgv.o)
 .data          0x0016da78        0x0 /opt/devkitpro/libctru/lib/libctru.a(initSystem.o)
 .data          0x0016da78        0x0 /opt/devkitpro/libctru/lib/libctru.a(svc.o)
 .data          0x0016da78        0x4 /opt/devkitpro/libctru/lib/libctru.a(stack_adjust.o)
                0x0016da78                __stacksize__
 .data          0x0016da7c        0x0 /opt/devkitpro/libctru/lib/libctru.a(linear.o)
 .data          0x0016da7c        0x0 /opt/devkitpro/libctru/lib/libctru.a(mem_pool.o)
 .data          0x0016da7c        0x0 /opt/devkitpro/libctru/lib/libctru.a(vram.o)
 .data          0x0016da7c        0x0 /opt/devkitpro/libctru/lib/libctru.a(os.o)
 .data          0x0016da7c        0x0 /opt/devkitpro/libctru/lib/libctru.a(rbtree_find.o)
 .data          0x0016da7c        0x0 /opt/devkitpro/libctru/lib/libctru.a(rbtree_init.o)
 .data          0x0016da7c        0x0 /opt/devkitpro/libctru/lib/libctru.a(rbtree_insert.o)
 .data          0x0016da7c        0x0 /opt/devkitpro/libctru/lib/libctru.a(rbtree_remove.o)
 .data          0x0016da7c        0x0 /opt/devkitpro/libctru/lib/libctru.a(rbtree_rotate.o)
 .data          0x0016da7c        0x0 /opt/devkitpro/libctru/lib/libctru.a(allocateHeaps.o)
 .data          0x0016da7c        0x0 /opt/devkitpro/libctru/lib/libctru.a(appExit.o)
 .data          0x0016da7c        0x0 /opt/devkitpro/libctru/lib/libctru.a(appInit.o)
 .data          0x0016da7c        0x0 /opt/devkitpro/libctru/lib/libctru.a(ctru_exit.o)
 .data          0x0016da7c     0x1084 /opt/devkitpro/libctru/lib/libctru.a(sdmc_dev.o)
 .data          0x0016eb00        0x0 /opt/devkitpro/libctru/lib/libctru.a(fs.o)
 .data          0x0016eb00        0x0 /opt/devkitpro/libctru/lib/libctru.a(rbtree_iterator.o)
 .data          0x0016eb00        0x0 /opt/devkitpro/libctru/lib/libctru.a(decode_utf8.o)
 .data          0x0016eb00        0x0 /opt/devkitpro/libctru/lib/libctru.a(utf16_to_utf8.o)
 .data          0x0016eb00        0x0 /opt/devkitpro/libctru/lib/libctru.a(utf8_to_utf16.o)
 .data          0x0016eb00        0x0 /opt/devkitpro/libctru/lib/libctru.a(decode_utf16.o)
 .data          0x0016eb00        0x0 /opt/devkitpro/libctru/lib/libctru.a(encode_utf16.o)
 .data          0x0016eb00        0x0 /opt/devkitpro/libctru/lib/libctru.a(encode_utf8.o)
 .data          0x0016eb00        0x0 /opt/devkitpro/devkitARM/lib/gcc/arm-none-eabi/4.9.2/../../../../arm-none-eabi/lib/armv6k/fpu/libg.a(lib_a-bsearch.o)
 .data          0x0016eb00        0x0 /opt/devkitpro/devkitARM/lib/gcc/arm-none-eabi/4.9.2/../../../../arm-none-eabi/lib/armv6k/fpu/libg.a(lib_a-fini.o)
 .data          0x0016eb00        0x0 /opt/devkitpro/devkitARM/lib/gcc/arm-none-eabi/4.9.2/../../../../arm-none-eabi/lib/armv6k/fpu/libg.a(lib_a-init.o)
 .data          0x0016eb00        0x0 /opt/devkitpro/devkitARM/lib/gcc/arm-none-eabi/4.9.2/../../../../arm-none-eabi/lib/armv6k/fpu/libg.a(lib_a-malloc.o)
 .data          0x0016eb00        0x0 /opt/devkitpro/devkitARM/lib/gcc/arm-none-eabi/4.9.2/../../../../arm-none-eabi/lib/armv6k/fpu/libg.a(lib_a-mallocr.o)
 .data          0x0016eb00        0x0 /opt/devkitpro/devkitARM/lib/gcc/arm-none-eabi/4.9.2/../../../../arm-none-eabi/lib/armv6k/fpu/libg.a(lib_a-memcpy.o)
 .data          0x0016eb00        0x0 /opt/devkitpro/devkitARM/lib/gcc/arm-none-eabi/4.9.2/../../../../arm-none-eabi/lib/armv6k/fpu/libg.a(lib_a-memset.o)
 .data          0x0016eb00        0x0 /opt/devkitpro/devkitARM/lib/gcc/arm-none-eabi/4.9.2/../../../../arm-none-eabi/lib/armv6k/fpu/libg.a(lib_a-mlock.o)
 .data          0x0016eb00        0x0 /opt/devkitpro/devkitARM/lib/gcc/arm-none-eabi/4.9.2/../../../../arm-none-eabi/lib/armv6k/fpu/libg.a(lib_a-strcpy.o)
 .data          0x0016eb00        0x0 /opt/devkitpro/devkitARM/lib/gcc/arm-none-eabi/4.9.2/../../../../arm-none-eabi/lib/armv6k/fpu/libg.a(lib_a-strlen.o)
 .data          0x0016eb00        0x0 /opt/devkitpro/devkitARM/lib/gcc/arm-none-eabi/4.9.2/../../../../arm-none-eabi/lib/armv6k/fpu/libg.a(lib_a-strncat.o)
 .data          0x0016eb00        0x0 /opt/devkitpro/devkitARM/lib/gcc/arm-none-eabi/4.9.2/../../../../arm-none-eabi/lib/armv6k/fpu/libg.a(lib_a-strncpy.o)
 .data          0x0016eb00        0x0 /opt/devkitpro/devkitARM/lib/gcc/arm-none-eabi/4.9.2/../../../../arm-none-eabi/lib/armv6k/fpu/libg.a(lib_a-freer.o)
 .data          0x0016eb00       0x44 /opt/devkitpro/devkitARM/lib/gcc/arm-none-eabi/4.9.2/../../../../arm-none-eabi/lib/armv6k/fpu/libsysbase.a(iosupport.o)
                0x0016eb04                devoptab_list
 .data          0x0016eb44        0x0 /opt/devkitpro/devkitARM/lib/gcc/arm-none-eabi/4.9.2/../../../../arm-none-eabi/lib/armv6k/fpu/libsysbase.a(sbrk.o)
 .data          0x0016eb44        0x0 /opt/devkitpro/devkitARM/lib/gcc/arm-none-eabi/4.9.2/../../../../arm-none-eabi/lib/armv6k/fpu/libsysbase.a(malloc_vars.o)
 .data          0x0016eb44     0x1000 /opt/devkitpro/devkitARM/lib/gcc/arm-none-eabi/4.9.2/../../../../arm-none-eabi/lib/armv6k/fpu/libsysbase.a(chdir.o)
 .data          0x0016fb44        0x0 /opt/devkitpro/devkitARM/lib/gcc/arm-none-eabi/4.9.2/../../../../arm-none-eabi/lib/armv6k/fpu/libsysbase.a(syscall_support.o)
 .data          0x0016fb44        0x0 /opt/devkitpro/devkitARM/lib/gcc/arm-none-eabi/4.9.2/../../../../arm-none-eabi/lib/armv6k/fpu/libsysbase.a(getreent.o)
 .data          0x0016fb44        0x0 /opt/devkitpro/devkitARM/lib/gcc/arm-none-eabi/4.9.2/../../../../arm-none-eabi/lib/armv6k/fpu/libg.a(lib_a-impure.o)
 .data          0x0016fb44        0x0 /opt/devkitpro/devkitARM/lib/gcc/arm-none-eabi/4.9.2/../../../../arm-none-eabi/lib/armv6k/fpu/libg.a(lib_a-strchr.o)
 .data          0x0016fb44        0x0 /opt/devkitpro/devkitARM/lib/gcc/arm-none-eabi/4.9.2/../../../../arm-none-eabi/lib/armv6k/fpu/libg.a(lib_a-strcmp.o)
 .data          0x0016fb44        0x0 /opt/devkitpro/devkitARM/lib/gcc/arm-none-eabi/4.9.2/../../../../arm-none-eabi/lib/armv6k/fpu/libg.a(lib_a-strncmp.o)
 .data          0x0016fb44        0x0 /opt/devkitpro/devkitARM/lib/gcc/arm-none-eabi/4.9.2/../../../../arm-none-eabi/lib/armv6k/fpu/libg.a(lib_a-strnlen.o)
 .data          0x0016fb44        0x0 /opt/devkitpro/devkitARM/lib/gcc/arm-none-eabi/4.9.2/../../../../arm-none-eabi/lib/armv6k/fpu/libg.a(lib_a-strrchr.o)
 .data          0x0016fb44        0x0 /opt/devkitpro/devkitARM/lib/gcc/arm-none-eabi/4.9.2/armv6k/fpu/crtend.o
 .data          0x0016fb44        0x0 /opt/devkitpro/devkitARM/lib/gcc/arm-none-eabi/4.9.2/armv6k/fpu/crtn.o
 *(.data.*)
 .data.__malloc_av_
                0x0016fb44      0x408 /opt/devkitpro/devkitARM/lib/gcc/arm-none-eabi/4.9.2/../../../../arm-none-eabi/lib/armv6k/fpu/libg.a(lib_a-mallocr.o)
                0x0016fb44                __malloc_av_
 .data.__malloc_trim_threshold
                0x0016ff4c        0x4 /opt/devkitpro/devkitARM/lib/gcc/arm-none-eabi/4.9.2/../../../../arm-none-eabi/lib/armv6k/fpu/libg.a(lib_a-mallocr.o)
                0x0016ff4c                __malloc_trim_threshold
 .data.__malloc_sbrk_base
                0x0016ff50        0x4 /opt/devkitpro/devkitARM/lib/gcc/arm-none-eabi/4.9.2/../../../../arm-none-eabi/lib/armv6k/fpu/libg.a(lib_a-mallocr.o)
                0x0016ff50                __malloc_sbrk_base
 *fill*         0x0016ff54        0x4 
 .data.impure_data
                0x0016ff58      0x428 /opt/devkitpro/devkitARM/lib/gcc/arm-none-eabi/4.9.2/../../../../arm-none-eabi/lib/armv6k/fpu/libg.a(lib_a-impure.o)
 .data._impure_ptr
                0x00170380        0x4 /opt/devkitpro/devkitARM/lib/gcc/arm-none-eabi/4.9.2/../../../../arm-none-eabi/lib/armv6k/fpu/libg.a(lib_a-impure.o)
                0x00170380                _impure_ptr
 *(.gnu.linkonce.d*)
                0x00170384                . = ALIGN (0x4)

.igot.plt       0x00170384        0x0
 .igot.plt      0x00170384        0x0 /opt/devkitpro/devkitARM/lib/gcc/arm-none-eabi/4.9.2/../../../../arm-none-eabi/lib/armv6k/fpu/3dsx_crt0.o

.eh_frame       0x00170384       0x74
 .eh_frame      0x00170384        0x0 /opt/devkitpro/devkitARM/lib/gcc/arm-none-eabi/4.9.2/armv6k/fpu/crtbegin.o
 .eh_frame      0x00170384       0x70 /opt/devkitpro/devkitARM/lib/gcc/arm-none-eabi/4.9.2/../../../../arm-none-eabi/lib/armv6k/fpu/libg.a(lib_a-strcmp.o)
 .eh_frame      0x001703f4        0x4 /opt/devkitpro/devkitARM/lib/gcc/arm-none-eabi/4.9.2/armv6k/fpu/crtend.o

.jcr            0x001703f8        0x4
 .jcr           0x001703f8        0x0 /opt/devkitpro/devkitARM/lib/gcc/arm-none-eabi/4.9.2/armv6k/fpu/crtbegin.o
 .jcr           0x001703f8        0x4 /opt/devkitpro/devkitARM/lib/gcc/arm-none-eabi/4.9.2/armv6k/fpu/crtend.o

.tm_clone_table
                0x001703fc        0x0
 .tm_clone_table
                0x001703fc        0x0 /opt/devkitpro/devkitARM/lib/gcc/arm-none-eabi/4.9.2/armv6k/fpu/crtbegin.o
 .tm_clone_table
                0x001703fc        0x0 /opt/devkitpro/devkitARM/lib/gcc/arm-none-eabi/4.9.2/armv6k/fpu/crtend.o
                0x001703fc                __TMC_END__

.preinit_array  0x001703fc        0x0
                0x001703fc                PROVIDE (__preinit_array_start, .)
 *(.preinit_array)
                0x001703fc                PROVIDE (__preinit_array_end, .)

.init_array     0x001703fc        0x4
                0x001703fc                PROVIDE (__init_array_start, .)
 *(SORT(.init_array.*))
 *(.init_array)
 .init_array    0x001703fc        0x4 /opt/devkitpro/devkitARM/lib/gcc/arm-none-eabi/4.9.2/armv6k/fpu/crtbegin.o
                0x00170400                PROVIDE (__init_array_end, .)

.fini_array     0x00170400        0x4
                0x00170400                PROVIDE (__fini_array_start, .)
 *(.fini_array)
 .fini_array    0x00170400        0x4 /opt/devkitpro/devkitARM/lib/gcc/arm-none-eabi/4.9.2/armv6k/fpu/crtbegin.o
 *(SORT(.fini_array.*))
                0x00170404                PROVIDE (__fini_array_end, .)

.ctors
 *crtbegin.o(.ctors)
 *(EXCLUDE_FILE(*crtend.o) .ctors)
 *(SORT(.ctors.*))
 *(.ctors)

.dtors
 *crtbegin.o(.dtors)
 *(EXCLUDE_FILE(*crtend.o) .dtors)
 *(SORT(.dtors.*))
 *(.dtors)
                0x00170404                __bss_start__ = .

.bss            0x00170404    0x4f27c
 *(.dynbss)
 *(.bss)
 .bss           0x00170404        0x0 /opt/devkitpro/devkitARM/lib/gcc/arm-none-eabi/4.9.2/../../../../arm-none-eabi/lib/armv6k/fpu/3dsx_crt0.o
 .bss           0x00170404        0x0 /opt/devkitpro/devkitARM/lib/gcc/arm-none-eabi/4.9.2/armv6k/fpu/crti.o
 .bss           0x00170404       0x1c /opt/devkitpro/devkitARM/lib/gcc/arm-none-eabi/4.9.2/armv6k/fpu/crtbegin.o
 .bss           0x00170420        0x0 data.o
 .bss           0x00170420        0x0 draw.o
 .bss           0x00170420        0x0 font.o
 .bss           0x00170420        0x1 game.o
                0x00170420                tused_o
 .bss           0x00170421        0x0 main.o
 .bss           0x00170421        0x0 maps.o
 .bss           0x00170421        0x0 model.o
 .bss           0x00170421        0x0 piggy.o
 .bss           0x00170421        0x0 sprites.o
 *fill*         0x00170421        0x3 
 .bss           0x00170424        0xc /opt/devkitpro/libctru/lib/libctru.a(gfx.o)
                0x00170428                screenFree
 .bss           0x00170430        0x4 /opt/devkitpro/libctru/lib/libctru.a(srv.o)
 .bss           0x00170434       0x5c /opt/devkitpro/libctru/lib/libctru.a(apt.o)
                0x00170438                aptStatusEvent
                0x00170448                aptStatus
                0x0017044c                aptStatusPower
                0x00170450                aptSleepSync
                0x00170478                aptStatusBeforeSleep
 .bss           0x00170490        0xc /opt/devkitpro/libctru/lib/libctru.a(gsp.o)
                0x00170498                gspGpuHandle
 .bss           0x0017049c        0x0 /opt/devkitpro/libctru/lib/libctru.a(gx.o)
 .bss           0x0017049c       0x2c /opt/devkitpro/libctru/lib/libctru.a(hid.o)
 .bss           0x001704c8        0xc /opt/devkitpro/libctru/lib/libctru.a(irrst.o)
 .bss           0x001704d4        0x0 /opt/devkitpro/libctru/lib/libctru.a(initArgv.o)
 .bss           0x001704d4        0x0 /opt/devkitpro/libctru/lib/libctru.a(initSystem.o)
 .bss           0x001704d4        0x0 /opt/devkitpro/libctru/lib/libctru.a(svc.o)
 .bss           0x001704d4        0x8 /opt/devkitpro/libctru/lib/libctru.a(stack_adjust.o)
 .bss           0x001704dc       0x14 /opt/devkitpro/libctru/lib/libctru.a(linear.o)
 .bss           0x001704f0        0x0 /opt/devkitpro/libctru/lib/libctru.a(mem_pool.o)
 .bss           0x001704f0       0x14 /opt/devkitpro/libctru/lib/libctru.a(vram.o)
 .bss           0x00170504        0x0 /opt/devkitpro/libctru/lib/libctru.a(os.o)
 .bss           0x00170504        0x0 /opt/devkitpro/libctru/lib/libctru.a(rbtree_find.o)
 .bss           0x00170504        0x0 /opt/devkitpro/libctru/lib/libctru.a(rbtree_init.o)
 .bss           0x00170504        0x0 /opt/devkitpro/libctru/lib/libctru.a(rbtree_insert.o)
 .bss           0x00170504        0x0 /opt/devkitpro/libctru/lib/libctru.a(rbtree_remove.o)
 .bss           0x00170504        0x0 /opt/devkitpro/libctru/lib/libctru.a(rbtree_rotate.o)
 .bss           0x00170504        0x0 /opt/devkitpro/libctru/lib/libctru.a(allocateHeaps.o)
 .bss           0x00170504        0x0 /opt/devkitpro/libctru/lib/libctru.a(appExit.o)
 .bss           0x00170504        0x0 /opt/devkitpro/libctru/lib/libctru.a(appInit.o)
 .bss           0x00170504        0x0 /opt/devkitpro/libctru/lib/libctru.a(ctru_exit.o)
 .bss           0x00170504     0x700c /opt/devkitpro/libctru/lib/libctru.a(sdmc_dev.o)
 .bss           0x00177510        0x8 /opt/devkitpro/libctru/lib/libctru.a(fs.o)
 .bss           0x00177518        0x0 /opt/devkitpro/libctru/lib/libctru.a(rbtree_iterator.o)
 .bss           0x00177518        0x0 /opt/devkitpro/libctru/lib/libctru.a(decode_utf8.o)
 .bss           0x00177518        0x0 /opt/devkitpro/libctru/lib/libctru.a(utf16_to_utf8.o)
 .bss           0x00177518        0x0 /opt/devkitpro/libctru/lib/libctru.a(utf8_to_utf16.o)
 .bss           0x00177518        0x0 /opt/devkitpro/libctru/lib/libctru.a(decode_utf16.o)
 .bss           0x00177518        0x0 /opt/devkitpro/libctru/lib/libctru.a(encode_utf16.o)
 .bss           0x00177518        0x0 /opt/devkitpro/libctru/lib/libctru.a(encode_utf8.o)
 .bss           0x00177518        0x0 /opt/devkitpro/devkitARM/lib/gcc/arm-none-eabi/4.9.2/../../../../arm-none-eabi/lib/armv6k/fpu/libg.a(lib_a-bsearch.o)
 .bss           0x00177518        0x0 /opt/devkitpro/devkitARM/lib/gcc/arm-none-eabi/4.9.2/../../../../arm-none-eabi/lib/armv6k/fpu/libg.a(lib_a-fini.o)
 .bss           0x00177518        0x0 /opt/devkitpro/devkitARM/lib/gcc/arm-none-eabi/4.9.2/../../../../arm-none-eabi/lib/armv6k/fpu/libg.a(lib_a-init.o)
 .bss           0x00177518        0x0 /opt/devkitpro/devkitARM/lib/gcc/arm-none-eabi/4.9.2/../../../../arm-none-eabi/lib/armv6k/fpu/libg.a(lib_a-malloc.o)
 .bss           0x00177518        0x0 /opt/devkitpro/devkitARM/lib/gcc/arm-none-eabi/4.9.2/../../../../arm-none-eabi/lib/armv6k/fpu/libg.a(lib_a-mallocr.o)
 .bss           0x00177518        0x0 /opt/devkitpro/devkitARM/lib/gcc/arm-none-eabi/4.9.2/../../../../arm-none-eabi/lib/armv6k/fpu/libg.a(lib_a-memcpy.o)
 .bss           0x00177518        0x0 /opt/devkitpro/devkitARM/lib/gcc/arm-none-eabi/4.9.2/../../../../arm-none-eabi/lib/armv6k/fpu/libg.a(lib_a-memset.o)
 .bss           0x00177518        0x0 /opt/devkitpro/devkitARM/lib/gcc/arm-none-eabi/4.9.2/../../../../arm-none-eabi/lib/armv6k/fpu/libg.a(lib_a-mlock.o)
 .bss           0x00177518        0x0 /opt/devkitpro/devkitARM/lib/gcc/arm-none-eabi/4.9.2/../../../../arm-none-eabi/lib/armv6k/fpu/libg.a(lib_a-strcpy.o)
 .bss           0x00177518        0x0 /opt/devkitpro/devkitARM/lib/gcc/arm-none-eabi/4.9.2/../../../../arm-none-eabi/lib/armv6k/fpu/libg.a(lib_a-strlen.o)
 .bss           0x00177518        0x0 /opt/devkitpro/devkitARM/lib/gcc/arm-none-eabi/4.9.2/../../../../arm-none-eabi/lib/armv6k/fpu/libg.a(lib_a-strncat.o)
 .bss           0x00177518        0x0 /opt/devkitpro/devkitARM/lib/gcc/arm-none-eabi/4.9.2/../../../../arm-none-eabi/lib/armv6k/fpu/libg.a(lib_a-strncpy.o)
 .bss           0x00177518        0x0 /opt/devkitpro/devkitARM/lib/gcc/arm-none-eabi/4.9.2/../../../../arm-none-eabi/lib/armv6k/fpu/libg.a(lib_a-freer.o)
 .bss           0x00177518        0x0 /opt/devkitpro/devkitARM/lib/gcc/arm-none-eabi/4.9.2/../../../../arm-none-eabi/lib/armv6k/fpu/libsysbase.a(iosupport.o)
 .bss           0x00177518        0x4 /opt/devkitpro/devkitARM/lib/gcc/arm-none-eabi/4.9.2/../../../../arm-none-eabi/lib/armv6k/fpu/libsysbase.a(sbrk.o)
 .bss           0x0017751c        0x8 /opt/devkitpro/devkitARM/lib/gcc/arm-none-eabi/4.9.2/../../../../arm-none-eabi/lib/armv6k/fpu/libsysbase.a(malloc_vars.o)
                0x0017751c                fake_heap_start
                0x00177520                fake_heap_end
 .bss           0x00177524     0x1000 /opt/devkitpro/devkitARM/lib/gcc/arm-none-eabi/4.9.2/../../../../arm-none-eabi/lib/armv6k/fpu/libsysbase.a(chdir.o)
 .bss           0x00178524       0x40 /opt/devkitpro/devkitARM/lib/gcc/arm-none-eabi/4.9.2/../../../../arm-none-eabi/lib/armv6k/fpu/libsysbase.a(syscall_support.o)
                0x00178524                __syscalls
 .bss           0x00178564        0x0 /opt/devkitpro/devkitARM/lib/gcc/arm-none-eabi/4.9.2/../../../../arm-none-eabi/lib/armv6k/fpu/libsysbase.a(getreent.o)
 .bss           0x00178564        0x0 /opt/devkitpro/devkitARM/lib/gcc/arm-none-eabi/4.9.2/../../../../arm-none-eabi/lib/armv6k/fpu/libg.a(lib_a-impure.o)
 .bss           0x00178564        0x0 /opt/devkitpro/devkitARM/lib/gcc/arm-none-eabi/4.9.2/../../../../arm-none-eabi/lib/armv6k/fpu/libg.a(lib_a-strchr.o)
 .bss           0x00178564        0x0 /opt/devkitpro/devkitARM/lib/gcc/arm-none-eabi/4.9.2/../../../../arm-none-eabi/lib/armv6k/fpu/libg.a(lib_a-strcmp.o)
 .bss           0x00178564        0x0 /opt/devkitpro/devkitARM/lib/gcc/arm-none-eabi/4.9.2/../../../../arm-none-eabi/lib/armv6k/fpu/libg.a(lib_a-strncmp.o)
 .bss           0x00178564        0x0 /opt/devkitpro/devkitARM/lib/gcc/arm-none-eabi/4.9.2/../../../../arm-none-eabi/lib/armv6k/fpu/libg.a(lib_a-strnlen.o)
 .bss           0x00178564        0x0 /opt/devkitpro/devkitARM/lib/gcc/arm-none-eabi/4.9.2/../../../../arm-none-eabi/lib/armv6k/fpu/libg.a(lib_a-strrchr.o)
 .bss           0x00178564        0x0 /opt/devkitpro/devkitARM/lib/gcc/arm-none-eabi/4.9.2/armv6k/fpu/crtend.o
 .bss           0x00178564        0x0 /opt/devkitpro/devkitARM/lib/gcc/arm-none-eabi/4.9.2/armv6k/fpu/crtn.o
 *(.bss.*)
 .bss.__malloc_max_total_mem
                0x00178564        0x4 /opt/devkitpro/devkitARM/lib/gcc/arm-none-eabi/4.9.2/../../../../arm-none-eabi/lib/armv6k/fpu/libg.a(lib_a-mallocr.o)
                0x00178564                __malloc_max_total_mem
 .bss.__malloc_max_sbrked_mem
                0x00178568        0x4 /opt/devkitpro/devkitARM/lib/gcc/arm-none-eabi/4.9.2/../../../../arm-none-eabi/lib/armv6k/fpu/libg.a(lib_a-mallocr.o)
                0x00178568                __malloc_max_sbrked_mem
 .bss.__malloc_top_pad
                0x0017856c        0x4 /opt/devkitpro/devkitARM/lib/gcc/arm-none-eabi/4.9.2/../../../../arm-none-eabi/lib/armv6k/fpu/libg.a(lib_a-mallocr.o)
                0x0017856c                __malloc_top_pad
 .bss.__malloc_current_mallinfo
                0x00178570       0x28 /opt/devkitpro/devkitARM/lib/gcc/arm-none-eabi/4.9.2/../../../../arm-none-eabi/lib/armv6k/fpu/libg.a(lib_a-mallocr.o)
                0x00178570                __malloc_current_mallinfo
 *(.gnu.linkonce.b*)
 *(COMMON)
 COMMON         0x00178598        0x2 game.o
                0x00178598                tx_o
 *fill*         0x0017859a        0x2 
 COMMON         0x0017859c    0x43fd4 main.o
                0x0017859c                leftOrRight
                0x001785a0                piggy
 COMMON         0x001bc570       0x60 /opt/devkitpro/libctru/lib/libctru.a(gfx.o)
                0x001bc570                gfxBottomFramebuffers
                0x001bc578                gspSharedMemHandle
                0x001bc57c                bottomFramebufferInfo
                0x001bc598                gspEvent
                0x001bc59c                gfxTopLeftFramebuffers
                0x001bc5a4                gfxTopRightFramebuffers
                0x001bc5ac                topFramebufferInfo
                0x001bc5c8                gfxThreadID
                0x001bc5cc                gfxSharedMemory
 COMMON         0x001bc5d0     0x2022 /opt/devkitpro/libctru/lib/libctru.a(apt.o)
                0x001bc5d0                aptEventHandlerThread
                0x001bc5d4                aptParameters
                0x001bd5d8                aptEventHandlerStack
                0x001be5d8                aptuHandle
                0x001be5dc                aptEvents
                0x001be5e8                aptStatusMutex
                0x001be5ec                aptLockHandle
                0x001be5f0                currentAppId
 *fill*         0x001be5f2        0x6 
 COMMON         0x001be5f8     0x103d /opt/devkitpro/libctru/lib/libctru.a(gsp.o)
                0x001be5f8                gspEventStack
                0x001bf5f8                gspEventThread
                0x001bf5fc                gspEventCounts
                0x001bf618                gspEvents
                0x001bf634                gspRunEvents
 *fill*         0x001bf635        0x3 
 COMMON         0x001bf638        0x4 /opt/devkitpro/libctru/lib/libctru.a(gx.o)
                0x001bf638                gxCmdBuf
 COMMON         0x001bf63c       0x20 /opt/devkitpro/libctru/lib/libctru.a(hid.o)
                0x001bf63c                hidMemHandle
                0x001bf640                hidHandle
                0x001bf644                hidSharedMem
                0x001bf648                hidEvents
 COMMON         0x001bf65c       0x10 /opt/devkitpro/libctru/lib/libctru.a(irrst.o)
                0x001bf65c                irrstHandle
                0x001bf660                irrstEvent
                0x001bf664                irrstMemHandle
                0x001bf668                irrstSharedMem
 COMMON         0x001bf66c        0x8 /opt/devkitpro/libctru/lib/libctru.a(initArgv.o)
                0x001bf66c                __system_argv
                0x001bf670                __system_argc
 COMMON         0x001bf674        0x4 /opt/devkitpro/libctru/lib/libctru.a(initSystem.o)
                0x001bf674                __system_retAddr
 COMMON         0x001bf678        0x8 /opt/devkitpro/libctru/lib/libctru.a(allocateHeaps.o)
                0x001bf678                __heapBase
                0x001bf67c                __linear_heap
                0x001bf680                . = ALIGN (0x4)
                0x001bf680                __bss_end__ = .
                0x001bf680                __end__ = ABSOLUTE (.)

/DISCARD/
 *(.group .comment .note)

.stab
 *(.stab)

.stabstr
 *(.stabstr)

.stab.excl
 *(.stab.excl)

.stab.exclstr
 *(.stab.exclstr)

.stab.index
 *(.stab.index)

.stab.indexstr
 *(.stab.indexstr)

.debug
 *(.debug)

.line
 *(.line)

.debug_srcinfo
 *(.debug_srcinfo)

.debug_sfnames
 *(.debug_sfnames)

.debug_aranges  0x00000000      0x528
 *(.debug_aranges)
 .debug_aranges
                0x00000000       0x18 data.o
 .debug_aranges
                0x00000018       0x20 draw.o
 .debug_aranges
                0x00000038       0x18 font.o
 .debug_aranges
                0x00000050       0x20 game.o
 .debug_aranges
                0x00000070       0x28 main.o
 .debug_aranges
                0x00000098       0x18 maps.o
 .debug_aranges
                0x000000b0       0x20 model.o
 .debug_aranges
                0x000000d0       0x20 piggy.o
 .debug_aranges
                0x000000f0       0x18 sprites.o
 .debug_aranges
                0x00000108       0x20 /opt/devkitpro/libctru/lib/libctru.a(gfx.o)
 .debug_aranges
                0x00000128       0x20 /opt/devkitpro/libctru/lib/libctru.a(srv.o)
 .debug_aranges
                0x00000148       0x20 /opt/devkitpro/libctru/lib/libctru.a(apt.o)
 .debug_aranges
                0x00000168       0x20 /opt/devkitpro/libctru/lib/libctru.a(gsp.o)
 .debug_aranges
                0x00000188       0x20 /opt/devkitpro/libctru/lib/libctru.a(gx.o)
 .debug_aranges
                0x000001a8       0x20 /opt/devkitpro/libctru/lib/libctru.a(hid.o)
 .debug_aranges
                0x000001c8       0x20 /opt/devkitpro/libctru/lib/libctru.a(irrst.o)
 .debug_aranges
                0x000001e8       0x20 /opt/devkitpro/libctru/lib/libctru.a(initArgv.o)
 .debug_aranges
                0x00000208       0x20 /opt/devkitpro/libctru/lib/libctru.a(initSystem.o)
 .debug_aranges
                0x00000228       0x20 /opt/devkitpro/libctru/lib/libctru.a(svc.o)
 .debug_aranges
                0x00000248       0x20 /opt/devkitpro/libctru/lib/libctru.a(stack_adjust.o)
 .debug_aranges
                0x00000268       0x20 /opt/devkitpro/libctru/lib/libctru.a(linear.o)
 .debug_aranges
                0x00000288       0x20 /opt/devkitpro/libctru/lib/libctru.a(mem_pool.o)
 .debug_aranges
                0x000002a8       0x20 /opt/devkitpro/libctru/lib/libctru.a(vram.o)
 .debug_aranges
                0x000002c8       0x20 /opt/devkitpro/libctru/lib/libctru.a(os.o)
 .debug_aranges
                0x000002e8       0x20 /opt/devkitpro/libctru/lib/libctru.a(rbtree_find.o)
 .debug_aranges
                0x00000308       0x20 /opt/devkitpro/libctru/lib/libctru.a(rbtree_init.o)
 .debug_aranges
                0x00000328       0x20 /opt/devkitpro/libctru/lib/libctru.a(rbtree_insert.o)
 .debug_aranges
                0x00000348       0x20 /opt/devkitpro/libctru/lib/libctru.a(rbtree_remove.o)
 .debug_aranges
                0x00000368       0x20 /opt/devkitpro/libctru/lib/libctru.a(rbtree_rotate.o)
 .debug_aranges
                0x00000388       0x20 /opt/devkitpro/libctru/lib/libctru.a(allocateHeaps.o)
 .debug_aranges
                0x000003a8       0x20 /opt/devkitpro/libctru/lib/libctru.a(appExit.o)
 .debug_aranges
                0x000003c8       0x20 /opt/devkitpro/libctru/lib/libctru.a(appInit.o)
 .debug_aranges
                0x000003e8       0x20 /opt/devkitpro/libctru/lib/libctru.a(ctru_exit.o)
 .debug_aranges
                0x00000408       0x20 /opt/devkitpro/libctru/lib/libctru.a(sdmc_dev.o)
 .debug_aranges
                0x00000428       0x20 /opt/devkitpro/libctru/lib/libctru.a(fs.o)
 .debug_aranges
                0x00000448       0x20 /opt/devkitpro/libctru/lib/libctru.a(rbtree_iterator.o)
 .debug_aranges
                0x00000468       0x20 /opt/devkitpro/libctru/lib/libctru.a(decode_utf8.o)
 .debug_aranges
                0x00000488       0x20 /opt/devkitpro/libctru/lib/libctru.a(utf16_to_utf8.o)
 .debug_aranges
                0x000004a8       0x20 /opt/devkitpro/libctru/lib/libctru.a(utf8_to_utf16.o)
 .debug_aranges
                0x000004c8       0x20 /opt/devkitpro/libctru/lib/libctru.a(decode_utf16.o)
 .debug_aranges
                0x000004e8       0x20 /opt/devkitpro/libctru/lib/libctru.a(encode_utf16.o)
 .debug_aranges
                0x00000508       0x20 /opt/devkitpro/libctru/lib/libctru.a(encode_utf8.o)

.debug_pubnames
 *(.debug_pubnames)

.debug_info     0x00000000    0x1b426
 *(.debug_info)
 .debug_info    0x00000000      0x14d data.o
 .debug_info    0x0000014d     0x4b5d draw.o
 .debug_info    0x00004caa       0x4f font.o
 .debug_info    0x00004cf9     0x18f1 game.o
 .debug_info    0x000065ea      0xf91 main.o
 .debug_info    0x0000757b      0x1b8 maps.o
 .debug_info    0x00007733     0x12bf model.o
 .debug_info    0x000089f2     0x166c piggy.o
 .debug_info    0x0000a05e      0x113 sprites.o
 .debug_info    0x0000a171      0xd80 /opt/devkitpro/libctru/lib/libctru.a(gfx.o)
 .debug_info    0x0000aef1      0x824 /opt/devkitpro/libctru/lib/libctru.a(srv.o)
 .debug_info    0x0000b715     0x35ca /opt/devkitpro/libctru/lib/libctru.a(apt.o)
 .debug_info    0x0000ecdf     0x10db /opt/devkitpro/libctru/lib/libctru.a(gsp.o)
 .debug_info    0x0000fdba      0x4e7 /opt/devkitpro/libctru/lib/libctru.a(gx.o)
 .debug_info    0x000102a1      0xe08 /opt/devkitpro/libctru/lib/libctru.a(hid.o)
 .debug_info    0x000110a9      0x77d /opt/devkitpro/libctru/lib/libctru.a(irrst.o)
 .debug_info    0x00011826      0x165 /opt/devkitpro/libctru/lib/libctru.a(initArgv.o)
 .debug_info    0x0001198b      0xacb /opt/devkitpro/libctru/lib/libctru.a(initSystem.o)
 .debug_info    0x00012456       0x77 /opt/devkitpro/libctru/lib/libctru.a(svc.o)
 .debug_info    0x000124cd       0x87 /opt/devkitpro/libctru/lib/libctru.a(stack_adjust.o)
 .debug_info    0x00012554      0x974 /opt/devkitpro/libctru/lib/libctru.a(linear.o)
 .debug_info    0x00012ec8      0x8ed /opt/devkitpro/libctru/lib/libctru.a(mem_pool.o)
 .debug_info    0x000137b5      0x95e /opt/devkitpro/libctru/lib/libctru.a(vram.o)
 .debug_info    0x00014113      0xc27 /opt/devkitpro/libctru/lib/libctru.a(os.o)
 .debug_info    0x00014d3a      0x1c9 /opt/devkitpro/libctru/lib/libctru.a(rbtree_find.o)
 .debug_info    0x00014f03      0x178 /opt/devkitpro/libctru/lib/libctru.a(rbtree_init.o)
 .debug_info    0x0001507b      0x60c /opt/devkitpro/libctru/lib/libctru.a(rbtree_insert.o)
 .debug_info    0x00015687      0x838 /opt/devkitpro/libctru/lib/libctru.a(rbtree_remove.o)
 .debug_info    0x00015ebf      0x2ec /opt/devkitpro/libctru/lib/libctru.a(rbtree_rotate.o)
 .debug_info    0x000161ab      0x237 /opt/devkitpro/libctru/lib/libctru.a(allocateHeaps.o)
 .debug_info    0x000163e2      0x11b /opt/devkitpro/libctru/lib/libctru.a(appExit.o)
 .debug_info    0x000164fd      0x15c /opt/devkitpro/libctru/lib/libctru.a(appInit.o)
 .debug_info    0x00016659      0x23b /opt/devkitpro/libctru/lib/libctru.a(ctru_exit.o)
 .debug_info    0x00016894     0x29f7 /opt/devkitpro/libctru/lib/libctru.a(sdmc_dev.o)
 .debug_info    0x0001928b     0x1704 /opt/devkitpro/libctru/lib/libctru.a(fs.o)
 .debug_info    0x0001a98f      0x2a3 /opt/devkitpro/libctru/lib/libctru.a(rbtree_iterator.o)
 .debug_info    0x0001ac32      0x13c /opt/devkitpro/libctru/lib/libctru.a(decode_utf8.o)
 .debug_info    0x0001ad6e      0x1d9 /opt/devkitpro/libctru/lib/libctru.a(utf16_to_utf8.o)
 .debug_info    0x0001af47      0x1d9 /opt/devkitpro/libctru/lib/libctru.a(utf8_to_utf16.o)
 .debug_info    0x0001b120      0x11c /opt/devkitpro/libctru/lib/libctru.a(decode_utf16.o)
 .debug_info    0x0001b23c       0xf5 /opt/devkitpro/libctru/lib/libctru.a(encode_utf16.o)
 .debug_info    0x0001b331       0xf5 /opt/devkitpro/libctru/lib/libctru.a(encode_utf8.o)

.debug_abbrev   0x00000000     0x4d44
 *(.debug_abbrev)
 .debug_abbrev  0x00000000       0x99 data.o
 .debug_abbrev  0x00000099      0x419 draw.o
 .debug_abbrev  0x000004b2       0x43 font.o
 .debug_abbrev  0x000004f5      0x44d game.o
 .debug_abbrev  0x00000942      0x2be main.o
 .debug_abbrev  0x00000c00       0x99 maps.o
 .debug_abbrev  0x00000c99      0x2b4 model.o
 .debug_abbrev  0x00000f4d      0x43d piggy.o
 .debug_abbrev  0x0000138a       0x91 sprites.o
 .debug_abbrev  0x0000141b      0x30b /opt/devkitpro/libctru/lib/libctru.a(gfx.o)
 .debug_abbrev  0x00001726      0x258 /opt/devkitpro/libctru/lib/libctru.a(srv.o)
 .debug_abbrev  0x0000197e      0x498 /opt/devkitpro/libctru/lib/libctru.a(apt.o)
 .debug_abbrev  0x00001e16      0x334 /opt/devkitpro/libctru/lib/libctru.a(gsp.o)
 .debug_abbrev  0x0000214a       0xf9 /opt/devkitpro/libctru/lib/libctru.a(gx.o)
 .debug_abbrev  0x00002243      0x355 /opt/devkitpro/libctru/lib/libctru.a(hid.o)
 .debug_abbrev  0x00002598      0x2a0 /opt/devkitpro/libctru/lib/libctru.a(irrst.o)
 .debug_abbrev  0x00002838       0xdb /opt/devkitpro/libctru/lib/libctru.a(initArgv.o)
 .debug_abbrev  0x00002913      0x1f4 /opt/devkitpro/libctru/lib/libctru.a(initSystem.o)
 .debug_abbrev  0x00002b07       0x14 /opt/devkitpro/libctru/lib/libctru.a(svc.o)
 .debug_abbrev  0x00002b1b       0x14 /opt/devkitpro/libctru/lib/libctru.a(stack_adjust.o)
 .debug_abbrev  0x00002b2f      0x30f /opt/devkitpro/libctru/lib/libctru.a(linear.o)
 .debug_abbrev  0x00002e3e      0x286 /opt/devkitpro/libctru/lib/libctru.a(mem_pool.o)
 .debug_abbrev  0x000030c4      0x2fe /opt/devkitpro/libctru/lib/libctru.a(vram.o)
 .debug_abbrev  0x000033c2      0x2cd /opt/devkitpro/libctru/lib/libctru.a(os.o)
 .debug_abbrev  0x0000368f       0xec /opt/devkitpro/libctru/lib/libctru.a(rbtree_find.o)
 .debug_abbrev  0x0000377b       0xb0 /opt/devkitpro/libctru/lib/libctru.a(rbtree_init.o)
 .debug_abbrev  0x0000382b      0x21d /opt/devkitpro/libctru/lib/libctru.a(rbtree_insert.o)
 .debug_abbrev  0x00003a48      0x205 /opt/devkitpro/libctru/lib/libctru.a(rbtree_remove.o)
 .debug_abbrev  0x00003c4d      0x170 /opt/devkitpro/libctru/lib/libctru.a(rbtree_rotate.o)
 .debug_abbrev  0x00003dbd       0xea /opt/devkitpro/libctru/lib/libctru.a(allocateHeaps.o)
 .debug_abbrev  0x00003ea7       0xad /opt/devkitpro/libctru/lib/libctru.a(appExit.o)
 .debug_abbrev  0x00003f54       0xdc /opt/devkitpro/libctru/lib/libctru.a(appInit.o)
 .debug_abbrev  0x00004030      0x116 /opt/devkitpro/libctru/lib/libctru.a(ctru_exit.o)
 .debug_abbrev  0x00004146      0x3fa /opt/devkitpro/libctru/lib/libctru.a(sdmc_dev.o)
 .debug_abbrev  0x00004540      0x2be /opt/devkitpro/libctru/lib/libctru.a(fs.o)
 .debug_abbrev  0x000047fe      0x163 /opt/devkitpro/libctru/lib/libctru.a(rbtree_iterator.o)
 .debug_abbrev  0x00004961       0x7f /opt/devkitpro/libctru/lib/libctru.a(decode_utf8.o)
 .debug_abbrev  0x000049e0      0x102 /opt/devkitpro/libctru/lib/libctru.a(utf16_to_utf8.o)
 .debug_abbrev  0x00004ae2      0x102 /opt/devkitpro/libctru/lib/libctru.a(utf8_to_utf16.o)
 .debug_abbrev  0x00004be4       0x8e /opt/devkitpro/libctru/lib/libctru.a(decode_utf16.o)
 .debug_abbrev  0x00004c72       0x69 /opt/devkitpro/libctru/lib/libctru.a(encode_utf16.o)
 .debug_abbrev  0x00004cdb       0x69 /opt/devkitpro/libctru/lib/libctru.a(encode_utf8.o)

.debug_line     0x00000000     0x9528
 *(.debug_line)
 .debug_line    0x00000000       0x5e data.o
 .debug_line    0x0000005e     0x2fae draw.o
 .debug_line    0x0000300c       0x53 font.o
 .debug_line    0x0000305f      0x54f game.o
 .debug_line    0x000035ae      0x275 main.o
 .debug_line    0x00003823       0x8f maps.o
 .debug_line    0x000038b2      0xac9 model.o
 .debug_line    0x0000437b      0x542 piggy.o
 .debug_line    0x000048bd       0x61 sprites.o
 .debug_line    0x0000491e      0x2c9 /opt/devkitpro/libctru/lib/libctru.a(gfx.o)
 .debug_line    0x00004be7      0x25f /opt/devkitpro/libctru/lib/libctru.a(srv.o)
 .debug_line    0x00004e46      0x7f3 /opt/devkitpro/libctru/lib/libctru.a(apt.o)
 .debug_line    0x00005639      0x3a2 /opt/devkitpro/libctru/lib/libctru.a(gsp.o)
 .debug_line    0x000059db      0x1ff /opt/devkitpro/libctru/lib/libctru.a(gx.o)
 .debug_line    0x00005bda      0x2ce /opt/devkitpro/libctru/lib/libctru.a(hid.o)
 .debug_line    0x00005ea8      0x231 /opt/devkitpro/libctru/lib/libctru.a(irrst.o)
 .debug_line    0x000060d9      0x171 /opt/devkitpro/libctru/lib/libctru.a(initArgv.o)
 .debug_line    0x0000624a      0x134 /opt/devkitpro/libctru/lib/libctru.a(initSystem.o)
 .debug_line    0x0000637e      0x149 /opt/devkitpro/libctru/lib/libctru.a(svc.o)
 .debug_line    0x000064c7       0x83 /opt/devkitpro/libctru/lib/libctru.a(stack_adjust.o)
 .debug_line    0x0000654a      0x257 /opt/devkitpro/libctru/lib/libctru.a(linear.o)
 .debug_line    0x000067a1      0x2ee /opt/devkitpro/libctru/lib/libctru.a(mem_pool.o)
 .debug_line    0x00006a8f      0x254 /opt/devkitpro/libctru/lib/libctru.a(vram.o)
 .debug_line    0x00006ce3      0x24f /opt/devkitpro/libctru/lib/libctru.a(os.o)
 .debug_line    0x00006f32      0x18e /opt/devkitpro/libctru/lib/libctru.a(rbtree_find.o)
 .debug_line    0x000070c0      0x17c /opt/devkitpro/libctru/lib/libctru.a(rbtree_init.o)
 .debug_line    0x0000723c      0x246 /opt/devkitpro/libctru/lib/libctru.a(rbtree_insert.o)
 .debug_line    0x00007482      0x2e7 /opt/devkitpro/libctru/lib/libctru.a(rbtree_remove.o)
 .debug_line    0x00007769      0x1d7 /opt/devkitpro/libctru/lib/libctru.a(rbtree_rotate.o)
 .debug_line    0x00007940      0x144 /opt/devkitpro/libctru/lib/libctru.a(allocateHeaps.o)
 .debug_line    0x00007a84      0x187 /opt/devkitpro/libctru/lib/libctru.a(appExit.o)
 .debug_line    0x00007c0b      0x187 /opt/devkitpro/libctru/lib/libctru.a(appInit.o)
 .debug_line    0x00007d92      0x13a /opt/devkitpro/libctru/lib/libctru.a(ctru_exit.o)
 .debug_line    0x00007ecc      0x5b7 /opt/devkitpro/libctru/lib/libctru.a(sdmc_dev.o)
 .debug_line    0x00008483      0x5e8 /opt/devkitpro/libctru/lib/libctru.a(fs.o)
 .debug_line    0x00008a6b      0x171 /opt/devkitpro/libctru/lib/libctru.a(rbtree_iterator.o)
 .debug_line    0x00008bdc      0x173 /opt/devkitpro/libctru/lib/libctru.a(decode_utf8.o)
 .debug_line    0x00008d4f      0x1eb /opt/devkitpro/libctru/lib/libctru.a(utf16_to_utf8.o)
 .debug_line    0x00008f3a      0x1e1 /opt/devkitpro/libctru/lib/libctru.a(utf8_to_utf16.o)
 .debug_line    0x0000911b      0x146 /opt/devkitpro/libctru/lib/libctru.a(decode_utf16.o)
 .debug_line    0x00009261      0x150 /opt/devkitpro/libctru/lib/libctru.a(encode_utf16.o)
 .debug_line    0x000093b1      0x177 /opt/devkitpro/libctru/lib/libctru.a(encode_utf8.o)

.debug_frame    0x00000000     0x2820
 *(.debug_frame)
 .debug_frame   0x00000000      0x43c draw.o
 .debug_frame   0x0000043c      0x230 game.o
 .debug_frame   0x0000066c       0x5c main.o
 .debug_frame   0x000006c8       0x9c model.o
 .debug_frame   0x00000764      0x260 piggy.o
 .debug_frame   0x000009c4      0x16c /opt/devkitpro/libctru/lib/libctru.a(gfx.o)
 .debug_frame   0x00000b30      0x158 /opt/devkitpro/libctru/lib/libctru.a(srv.o)
 .debug_frame   0x00000c88      0x684 /opt/devkitpro/libctru/lib/libctru.a(apt.o)
 .debug_frame   0x0000130c      0x27c /opt/devkitpro/libctru/lib/libctru.a(gsp.o)
 .debug_frame   0x00001588       0xf0 /opt/devkitpro/libctru/lib/libctru.a(gx.o)
 .debug_frame   0x00001678      0x1fc /opt/devkitpro/libctru/lib/libctru.a(hid.o)
 .debug_frame   0x00001874      0x120 /opt/devkitpro/libctru/lib/libctru.a(irrst.o)
 .debug_frame   0x00001994       0x2c /opt/devkitpro/libctru/lib/libctru.a(initArgv.o)
 .debug_frame   0x000019c0       0x2c /opt/devkitpro/libctru/lib/libctru.a(initSystem.o)
 .debug_frame   0x000019ec       0xc0 /opt/devkitpro/libctru/lib/libctru.a(linear.o)
 .debug_frame   0x00001aac       0xa8 /opt/devkitpro/libctru/lib/libctru.a(mem_pool.o)
 .debug_frame   0x00001b54       0xb4 /opt/devkitpro/libctru/lib/libctru.a(vram.o)
 .debug_frame   0x00001c08       0xd4 /opt/devkitpro/libctru/lib/libctru.a(os.o)
 .debug_frame   0x00001cdc       0x30 /opt/devkitpro/libctru/lib/libctru.a(rbtree_find.o)
 .debug_frame   0x00001d0c       0x20 /opt/devkitpro/libctru/lib/libctru.a(rbtree_init.o)
 .debug_frame   0x00001d2c       0x54 /opt/devkitpro/libctru/lib/libctru.a(rbtree_insert.o)
 .debug_frame   0x00001d80       0x38 /opt/devkitpro/libctru/lib/libctru.a(rbtree_remove.o)
 .debug_frame   0x00001db8       0x2c /opt/devkitpro/libctru/lib/libctru.a(rbtree_rotate.o)
 .debug_frame   0x00001de4       0x34 /opt/devkitpro/libctru/lib/libctru.a(allocateHeaps.o)
 .debug_frame   0x00001e18       0x2c /opt/devkitpro/libctru/lib/libctru.a(appExit.o)
 .debug_frame   0x00001e44       0x2c /opt/devkitpro/libctru/lib/libctru.a(appInit.o)
 .debug_frame   0x00001e70       0x28 /opt/devkitpro/libctru/lib/libctru.a(ctru_exit.o)
 .debug_frame   0x00001e98      0x3c4 /opt/devkitpro/libctru/lib/libctru.a(sdmc_dev.o)
 .debug_frame   0x0000225c      0x484 /opt/devkitpro/libctru/lib/libctru.a(fs.o)
 .debug_frame   0x000026e0       0x30 /opt/devkitpro/libctru/lib/libctru.a(rbtree_iterator.o)
 .debug_frame   0x00002710       0x30 /opt/devkitpro/libctru/lib/libctru.a(decode_utf8.o)
 .debug_frame   0x00002740       0x3c /opt/devkitpro/libctru/lib/libctru.a(utf16_to_utf8.o)
 .debug_frame   0x0000277c       0x3c /opt/devkitpro/libctru/lib/libctru.a(utf8_to_utf16.o)
 .debug_frame   0x000027b8       0x28 /opt/devkitpro/libctru/lib/libctru.a(decode_utf16.o)
 .debug_frame   0x000027e0       0x20 /opt/devkitpro/libctru/lib/libctru.a(encode_utf16.o)
 .debug_frame   0x00002800       0x20 /opt/devkitpro/libctru/lib/libctru.a(encode_utf8.o)

.debug_str      0x00000000     0x4599
 *(.debug_str)
 .debug_str     0x00000000      0x119 data.o
                                0x140 (size before relaxing)
 .debug_str     0x00000119      0x3e9 draw.o
                                0x595 (size before relaxing)
 .debug_str     0x00000502       0x3c font.o
                                 0xcc (size before relaxing)
 .debug_str     0x0000053e      0x4b6 game.o
                                0x7fb (size before relaxing)
 .debug_str     0x000009f4      0x21f main.o
                                0x7ae (size before relaxing)
 .debug_str     0x00000c13       0x33 maps.o
                                0x13b (size before relaxing)
 .debug_str     0x00000c46       0x6f model.o
                                0x404 (size before relaxing)
 .debug_str     0x00000cb5      0x16b piggy.o
                                0x507 (size before relaxing)
 .debug_str     0x00000e20       0x52 sprites.o
                                0x145 (size before relaxing)
 .debug_str     0x00000e72      0x534 /opt/devkitpro/libctru/lib/libctru.a(gfx.o)
                                0x75e (size before relaxing)
 .debug_str     0x000013a6      0x1cc /opt/devkitpro/libctru/lib/libctru.a(srv.o)
                                0x365 (size before relaxing)
 .debug_str     0x00001572      0xc23 /opt/devkitpro/libctru/lib/libctru.a(apt.o)
                                0xf31 (size before relaxing)
 .debug_str     0x00002195      0x22f /opt/devkitpro/libctru/lib/libctru.a(gsp.o)
                                0x72e (size before relaxing)
 .debug_str     0x000023c4      0x118 /opt/devkitpro/libctru/lib/libctru.a(gx.o)
                                0x2c9 (size before relaxing)
 .debug_str     0x000024dc      0x2b6 /opt/devkitpro/libctru/lib/libctru.a(hid.o)
                                0x73e (size before relaxing)
 .debug_str     0x00002792       0xf4 /opt/devkitpro/libctru/lib/libctru.a(irrst.o)
                                0x45b (size before relaxing)
 .debug_str     0x00002886       0x9c /opt/devkitpro/libctru/lib/libctru.a(initArgv.o)
                                0x1d2 (size before relaxing)
 .debug_str     0x00002922      0x51d /opt/devkitpro/libctru/lib/libctru.a(initSystem.o)
                                0x6cb (size before relaxing)
 .debug_str     0x00002e3f      0x49a /opt/devkitpro/libctru/lib/libctru.a(linear.o)
                                0x5a9 (size before relaxing)
 .debug_str     0x000032d9       0x8c /opt/devkitpro/libctru/lib/libctru.a(mem_pool.o)
                                0x43d (size before relaxing)
 .debug_str     0x00003365       0x86 /opt/devkitpro/libctru/lib/libctru.a(vram.o)
                                0x578 (size before relaxing)
 .debug_str     0x000033eb      0x131 /opt/devkitpro/libctru/lib/libctru.a(os.o)
                                0x6a9 (size before relaxing)
 .debug_str     0x0000351c       0x45 /opt/devkitpro/libctru/lib/libctru.a(rbtree_find.o)
                                0x1f9 (size before relaxing)
 .debug_str     0x00003561       0x40 /opt/devkitpro/libctru/lib/libctru.a(rbtree_init.o)
                                0x1ef (size before relaxing)
 .debug_str     0x000035a1       0xe4 /opt/devkitpro/libctru/lib/libctru.a(rbtree_insert.o)
                                0x2b1 (size before relaxing)
 .debug_str     0x00003685       0x77 /opt/devkitpro/libctru/lib/libctru.a(rbtree_remove.o)
                                0x2cf (size before relaxing)
 .debug_str     0x000036fc       0x42 /opt/devkitpro/libctru/lib/libctru.a(rbtree_rotate.o)
                                0x246 (size before relaxing)
 .debug_str     0x0000373e       0xc4 /opt/devkitpro/libctru/lib/libctru.a(allocateHeaps.o)
                                0x29d (size before relaxing)
 .debug_str     0x00003802       0x51 /opt/devkitpro/libctru/lib/libctru.a(appExit.o)
                                0x198 (size before relaxing)
 .debug_str     0x00003853       0x51 /opt/devkitpro/libctru/lib/libctru.a(appInit.o)
                                0x1ac (size before relaxing)
 .debug_str     0x000038a4       0x57 /opt/devkitpro/libctru/lib/libctru.a(ctru_exit.o)
                                0x2a4 (size before relaxing)
 .debug_str     0x000038fb      0x8bb /opt/devkitpro/libctru/lib/libctru.a(sdmc_dev.o)
                                0xedd (size before relaxing)
 .debug_str     0x000041b6      0x1c9 /opt/devkitpro/libctru/lib/libctru.a(fs.o)
                                0x6b4 (size before relaxing)
 .debug_str     0x0000437f       0x60 /opt/devkitpro/libctru/lib/libctru.a(rbtree_iterator.o)
                                0x1f9 (size before relaxing)
 .debug_str     0x000043df       0x55 /opt/devkitpro/libctru/lib/libctru.a(decode_utf8.o)
                                0x1b3 (size before relaxing)
 .debug_str     0x00004434       0x60 /opt/devkitpro/libctru/lib/libctru.a(utf16_to_utf8.o)
                                0x1e6 (size before relaxing)
 .debug_str     0x00004494       0x4c /opt/devkitpro/libctru/lib/libctru.a(utf8_to_utf16.o)
                                0x1e6 (size before relaxing)
 .debug_str     0x000044e0       0x3e /opt/devkitpro/libctru/lib/libctru.a(decode_utf16.o)
                                0x1ab (size before relaxing)
 .debug_str     0x0000451e       0x3e /opt/devkitpro/libctru/lib/libctru.a(encode_utf16.o)
                                0x19f (size before relaxing)
 .debug_str     0x0000455c       0x3d /opt/devkitpro/libctru/lib/libctru.a(encode_utf8.o)
                                0x19b (size before relaxing)

.debug_loc      0x00000000    0x17066
 *(.debug_loc)
 .debug_loc     0x00000000     0xb335 draw.o
 .debug_loc     0x0000b335      0xb9c game.o
 .debug_loc     0x0000bed1       0x67 main.o
 .debug_loc     0x0000bf38     0x1965 model.o
 .debug_loc     0x0000d89d     0x1086 piggy.o
 .debug_loc     0x0000e923      0x464 /opt/devkitpro/libctru/lib/libctru.a(gfx.o)
 .debug_loc     0x0000ed87      0x41e /opt/devkitpro/libctru/lib/libctru.a(srv.o)
 .debug_loc     0x0000f1a5     0x186a /opt/devkitpro/libctru/lib/libctru.a(apt.o)
 .debug_loc     0x00010a0f      0xd25 /opt/devkitpro/libctru/lib/libctru.a(gsp.o)
 .debug_loc     0x00011734      0x38a /opt/devkitpro/libctru/lib/libctru.a(gx.o)
 .debug_loc     0x00011abe      0x765 /opt/devkitpro/libctru/lib/libctru.a(hid.o)
 .debug_loc     0x00012223      0x39c /opt/devkitpro/libctru/lib/libctru.a(irrst.o)
 .debug_loc     0x000125bf       0xfb /opt/devkitpro/libctru/lib/libctru.a(initArgv.o)
 .debug_loc     0x000126ba       0x21 /opt/devkitpro/libctru/lib/libctru.a(initSystem.o)
 .debug_loc     0x000126db      0x309 /opt/devkitpro/libctru/lib/libctru.a(linear.o)
 .debug_loc     0x000129e4      0x95b /opt/devkitpro/libctru/lib/libctru.a(mem_pool.o)
 .debug_loc     0x0001333f      0x304 /opt/devkitpro/libctru/lib/libctru.a(vram.o)
 .debug_loc     0x00013643      0x23d /opt/devkitpro/libctru/lib/libctru.a(os.o)
 .debug_loc     0x00013880      0x10d /opt/devkitpro/libctru/lib/libctru.a(rbtree_find.o)
 .debug_loc     0x0001398d      0x382 /opt/devkitpro/libctru/lib/libctru.a(rbtree_insert.o)
 .debug_loc     0x00013d0f      0x506 /opt/devkitpro/libctru/lib/libctru.a(rbtree_remove.o)
 .debug_loc     0x00014215       0x8e /opt/devkitpro/libctru/lib/libctru.a(rbtree_rotate.o)
 .debug_loc     0x000142a3       0x21 /opt/devkitpro/libctru/lib/libctru.a(ctru_exit.o)
 .debug_loc     0x000142c4     0x124d /opt/devkitpro/libctru/lib/libctru.a(sdmc_dev.o)
 .debug_loc     0x00015511     0x110f /opt/devkitpro/libctru/lib/libctru.a(fs.o)
 .debug_loc     0x00016620      0x2b2 /opt/devkitpro/libctru/lib/libctru.a(rbtree_iterator.o)
 .debug_loc     0x000168d2      0x232 /opt/devkitpro/libctru/lib/libctru.a(decode_utf8.o)
 .debug_loc     0x00016b04      0x125 /opt/devkitpro/libctru/lib/libctru.a(utf16_to_utf8.o)
 .debug_loc     0x00016c29       0xf3 /opt/devkitpro/libctru/lib/libctru.a(utf8_to_utf16.o)
 .debug_loc     0x00016d1c       0xc4 /opt/devkitpro/libctru/lib/libctru.a(decode_utf16.o)
 .debug_loc     0x00016de0       0xdc /opt/devkitpro/libctru/lib/libctru.a(encode_utf16.o)
 .debug_loc     0x00016ebc      0x1aa /opt/devkitpro/libctru/lib/libctru.a(encode_utf8.o)

.debug_macinfo
 *(.debug_macinfo)
LOAD /opt/devkitpro/devkitARM/lib/gcc/arm-none-eabi/4.9.2/../../../../arm-none-eabi/lib/armv6k/fpu/3dsx_crt0.o
LOAD /opt/devkitpro/devkitARM/lib/gcc/arm-none-eabi/4.9.2/armv6k/fpu/crti.o
LOAD /opt/devkitpro/devkitARM/lib/gcc/arm-none-eabi/4.9.2/armv6k/fpu/crtbegin.o
LOAD data.o
LOAD draw.o
LOAD font.o
LOAD game.o
LOAD main.o
LOAD maps.o
LOAD model.o
LOAD piggy.o
LOAD sprites.o
LOAD /opt/devkitpro/libctru/lib/libctru.a
LOAD /opt/devkitpro/devkitARM/lib/gcc/arm-none-eabi/4.9.2/../../../../arm-none-eabi/lib/armv6k/fpu/libm.a
START GROUP
LOAD /opt/devkitpro/devkitARM/lib/gcc/arm-none-eabi/4.9.2/armv6k/fpu/libgcc.a
LOAD /opt/devkitpro/devkitARM/lib/gcc/arm-none-eabi/4.9.2/../../../../arm-none-eabi/lib/armv6k/fpu/libg.a
LOAD /opt/devkitpro/devkitARM/lib/gcc/arm-none-eabi/4.9.2/../../../../arm-none-eabi/lib/armv6k/fpu/libc.a
LOAD /opt/devkitpro/devkitARM/lib/gcc/arm-none-eabi/4.9.2/../../../../arm-none-eabi/lib/armv6k/fpu/libsysbase.a
END GROUP
LOAD /opt/devkitpro/devkitARM/lib/gcc/arm-none-eabi/4.9.2/armv6k/fpu/crtend.o
LOAD /opt/devkitpro/devkitARM/lib/gcc/arm-none-eabi/4.9.2/armv6k/fpu/crtn.o
OUTPUT(/Users/zandywho/Desktop/piggy-master/piggy-master.elf elf32-littlearm)

.ARM.attributes
                0x00000000       0x32
 .ARM.attributes
                0x00000000       0x1e /opt/devkitpro/devkitARM/lib/gcc/arm-none-eabi/4.9.2/../../../../arm-none-eabi/lib/armv6k/fpu/3dsx_crt0.o
 .ARM.attributes
                0x0000001e       0x1c /opt/devkitpro/devkitARM/lib/gcc/arm-none-eabi/4.9.2/armv6k/fpu/crti.o
 .ARM.attributes
                0x0000003a       0x32 /opt/devkitpro/devkitARM/lib/gcc/arm-none-eabi/4.9.2/armv6k/fpu/crtbegin.o
 .ARM.attributes
                0x0000006c       0x2e data.o
 .ARM.attributes
                0x0000009a       0x2e draw.o
 .ARM.attributes
                0x000000c8       0x2e font.o
 .ARM.attributes
                0x000000f6       0x2e game.o
 .ARM.attributes
                0x00000124       0x2e main.o
 .ARM.attributes
                0x00000152       0x2e maps.o
 .ARM.attributes
                0x00000180       0x2e model.o
 .ARM.attributes
                0x000001ae       0x2e piggy.o
 .ARM.attributes
                0x000001dc       0x2e sprites.o
 .ARM.attributes
                0x0000020a       0x2e /opt/devkitpro/libctru/lib/libctru.a(gfx.o)
 .ARM.attributes
                0x00000238       0x2e /opt/devkitpro/libctru/lib/libctru.a(srv.o)
 .ARM.attributes
                0x00000266       0x2e /opt/devkitpro/libctru/lib/libctru.a(apt.o)
 .ARM.attributes
                0x00000294       0x2e /opt/devkitpro/libctru/lib/libctru.a(gsp.o)
 .ARM.attributes
                0x000002c2       0x2e /opt/devkitpro/libctru/lib/libctru.a(gx.o)
 .ARM.attributes
                0x000002f0       0x2e /opt/devkitpro/libctru/lib/libctru.a(hid.o)
 .ARM.attributes
                0x0000031e       0x2e /opt/devkitpro/libctru/lib/libctru.a(irrst.o)
 .ARM.attributes
                0x0000034c       0x2e /opt/devkitpro/libctru/lib/libctru.a(initArgv.o)
 .ARM.attributes
                0x0000037a       0x2e /opt/devkitpro/libctru/lib/libctru.a(initSystem.o)
 .ARM.attributes
                0x000003a8       0x1a /opt/devkitpro/libctru/lib/libctru.a(svc.o)
 .ARM.attributes
                0x000003c2       0x1a /opt/devkitpro/libctru/lib/libctru.a(stack_adjust.o)
 .ARM.attributes
                0x000003dc       0x2e /opt/devkitpro/libctru/lib/libctru.a(linear.o)
 .ARM.attributes
                0x0000040a       0x2e /opt/devkitpro/libctru/lib/libctru.a(mem_pool.o)
 .ARM.attributes
                0x00000438       0x2e /opt/devkitpro/libctru/lib/libctru.a(vram.o)
 .ARM.attributes
                0x00000466       0x2e /opt/devkitpro/libctru/lib/libctru.a(os.o)
 .ARM.attributes
                0x00000494       0x2e /opt/devkitpro/libctru/lib/libctru.a(rbtree_find.o)
 .ARM.attributes
                0x000004c2       0x2e /opt/devkitpro/libctru/lib/libctru.a(rbtree_init.o)
 .ARM.attributes
                0x000004f0       0x2e /opt/devkitpro/libctru/lib/libctru.a(rbtree_insert.o)
 .ARM.attributes
                0x0000051e       0x2e /opt/devkitpro/libctru/lib/libctru.a(rbtree_remove.o)
 .ARM.attributes
                0x0000054c       0x2e /opt/devkitpro/libctru/lib/libctru.a(rbtree_rotate.o)
 .ARM.attributes
                0x0000057a       0x2e /opt/devkitpro/libctru/lib/libctru.a(allocateHeaps.o)
 .ARM.attributes
                0x000005a8       0x2e /opt/devkitpro/libctru/lib/libctru.a(appExit.o)
 .ARM.attributes
                0x000005d6       0x2e /opt/devkitpro/libctru/lib/libctru.a(appInit.o)
 .ARM.attributes
                0x00000604       0x2e /opt/devkitpro/libctru/lib/libctru.a(ctru_exit.o)
 .ARM.attributes
                0x00000632       0x2e /opt/devkitpro/libctru/lib/libctru.a(sdmc_dev.o)
 .ARM.attributes
                0x00000660       0x2e /opt/devkitpro/libctru/lib/libctru.a(fs.o)
 .ARM.attributes
                0x0000068e       0x2e /opt/devkitpro/libctru/lib/libctru.a(rbtree_iterator.o)
 .ARM.attributes
                0x000006bc       0x2e /opt/devkitpro/libctru/lib/libctru.a(decode_utf8.o)
 .ARM.attributes